20:26:08 **** Build of configuration Debug for project unit6_lesson4_lab1 ****
make -j4 all 
arm-none-eabi-gcc -mcpu=cortex-m3 -g3 -DDEBUG -c -x assembler-with-cpp -MMD -MP -MF"Startup/startup_stm32f103c6tx.d" -MT"Startup/startup_stm32f103c6tx.o" --specs=nano.specs -mfloat-abi=soft -mthumb -o "Startup/startup_stm32f103c6tx.o" "../Startup/startup_stm32f103c6tx.s"
arm-none-eabi-gcc "../Src/main.c" -mcpu=cortex-m3 -std=gnu11 -g3 -DDEBUG -DSTM32 -DSTM32F1 -DSTM32F103C6Tx -c -I../Inc -O0 -ffunction-sections -fdata-sections -Wall -fstack-usage -MMD -MP -MF"Src/main.d" -MT"Src/main.o" --specs=nano.specs -mfloat-abi=soft -mthumb -o "Src/main.o"
arm-none-eabi-gcc "../Src/syscalls.c" -mcpu=cortex-m3 -std=gnu11 -g3 -DDEBUG -DSTM32 -DSTM32F1 -DSTM32F103C6Tx -c -I../Inc -O0 -ffunction-sections -fdata-sections -Wall -fstack-usage -MMD -MP -MF"Src/syscalls.d" -MT"Src/syscalls.o" --specs=nano.specs -mfloat-abi=soft -mthumb -o "Src/syscalls.o"
arm-none-eabi-gcc "../Src/sysmem.c" -mcpu=cortex-m3 -std=gnu11 -g3 -DDEBUG -DSTM32 -DSTM32F1 -DSTM32F103C6Tx -c -I../Inc -O0 -ffunction-sections -fdata-sections -Wall -fstack-usage -MMD -MP -MF"Src/sysmem.d" -MT"Src/sysmem.o" --specs=nano.specs -mfloat-abi=soft -mthumb -o "Src/sysmem.o"
arm-none-eabi-gcc -o "unit6_lesson4_lab1.elf" @"objects.list"   -mcpu=cortex-m3 -T"B:\Embedded_Systems_Online_Diploma\Unit_6_MCU_Fundamentals\Lesson4\unit6_lesson4_lab1\unit6_lesson4_lab1\STM32F103C6TX_FLASH.ld" --specs=nosys.specs -Wl,-Map="unit6_lesson4_lab1.map" -Wl,--gc-sections -static --specs=nano.specs -mfloat-abi=soft -mthumb -Wl,--start-group -lc -lm -Wl,--end-group
Finished building target: unit6_lesson4_lab1.elf
 
arm-none-eabi-size   unit6_lesson4_lab1.elf 
arm-none-eabi-objdump -h -S  unit6_lesson4_lab1.elf  > "unit6_lesson4_lab1.list"
   text	   data	    bss	    dec	    hex	filename
    564	      8	   1568	   2140	    85c	unit6_lesson4_lab1.elf
Finished building: default.size.stdout
 
Finished building: unit6_lesson4_lab1.list
 
21:29:39 **** Incremental Build of configuration Debug for project unit6_lesson4_lab1 ****
make -j4 all 
arm-none-eabi-gcc "../Src/main.c" -mcpu=cortex-m3 -std=gnu11 -g3 -DDEBUG -DSTM32 -DSTM32F1 -DSTM32F103C6Tx -c -I../Inc -O0 -ffunction-sections -fdata-sections -Wall -fstack-usage -MMD -MP -MF"Src/main.d" -MT"Src/main.o" --specs=nano.specs -mfloat-abi=soft -mthumb -o "Src/main.o"
arm-none-eabi-gcc -o "unit6_lesson4_lab1.elf" @"objects.list"   -mcpu=cortex-m3 -T"B:\Embedded_Systems_Online_Diploma\Unit_6_MCU_Fundamentals\Lesson4\unit6_lesson4_lab1\unit6_lesson4_lab1\STM32F103C6TX_FLASH.ld" --specs=nosys.specs -Wl,-Map="unit6_lesson4_lab1.map" -Wl,--gc-sections -static --specs=nano.specs -mfloat-abi=soft -mthumb -Wl,--start-group -lc -lm -Wl,--end-group
Finished building target: unit6_lesson4_lab1.elf
 
arm-none-eabi-size   unit6_lesson4_lab1.elf 
arm-none-eabi-objdump -h -S  unit6_lesson4_lab1.elf  > "unit6_lesson4_lab1.list"
   text	   data	    bss	    dec	    hex	filename
    648	      8	   1568	   2224	    8b0	unit6_lesson4_lab1.elf
Finished building: default.size.stdout
 
Finished building: unit6_lesson4_lab1.list
 
21:33:41 **** Incremental Build of configuration Debug for project unit6_lesson4_lab1 ****
make -j4 all 
arm-none-eabi-gcc -gdwarf-2 -mcpu=cortex-m3 -g3 -DDEBUG -c -x assembler-with-cpp -MMD -MP -MF"Startup/startup_stm32f103c6tx.d" -MT"Startup/startup_stm32f103c6tx.o" --specs=nano.specs -mfloat-abi=soft -mthumb -o "Startup/startup_stm32f103c6tx.o" "../Startup/startup_stm32f103c6tx.s"
arm-none-eabi-gcc -gdwarf-2 "../Src/main.c" -mcpu=cortex-m3 -std=gnu11 -g3 -DDEBUG -DSTM32 -DSTM32F1 -DSTM32F103C6Tx -c -I../Inc -O0 -ffunction-sections -fdata-sections -Wall -fstack-usage -MMD -MP -MF"Src/main.d" -MT"Src/main.o" --specs=nano.specs -mfloat-abi=soft -mthumb -o "Src/main.o"
arm-none-eabi-gcc -gdwarf-2 "../Src/syscalls.c" -mcpu=cortex-m3 -std=gnu11 -g3 -DDEBUG -DSTM32 -DSTM32F1 -DSTM32F103C6Tx -c -I../Inc -O0 -ffunction-sections -fdata-sections -Wall -fstack-usage -MMD -MP -MF"Src/syscalls.d" -MT"Src/syscalls.o" --specs=nano.specs -mfloat-abi=soft -mthumb -o "Src/syscalls.o"
arm-none-eabi-gcc -gdwarf-2 "../Src/sysmem.c" -mcpu=cortex-m3 -std=gnu11 -g3 -DDEBUG -DSTM32 -DSTM32F1 -DSTM32F103C6Tx -c -I../Inc -O0 -ffunction-sections -fdata-sections -Wall -fstack-usage -MMD -MP -MF"Src/sysmem.d" -MT"Src/sysmem.o" --specs=nano.specs -mfloat-abi=soft -mthumb -o "Src/sysmem.o"
arm-none-eabi-gcc -gdwarf-2 -o "unit6_lesson4_lab1.elf" @"objects.list"   -mcpu=cortex-m3 -T"B:\Embedded_Systems_Online_Diploma\Unit_6_MCU_Fundamentals\Lesson4\unit6_lesson4_lab1\unit6_lesson4_lab1\STM32F103C6TX_FLASH.ld" --specs=nosys.specs -Wl,-Map="unit6_lesson4_lab1.map" -Wl,--gc-sections -static --specs=nano.specs -mfloat-abi=soft -mthumb -Wl,--start-group -lc -lm -Wl,--end-group
Finished building target: unit6_lesson4_lab1.elf
 
arm-none-eabi-size   unit6_lesson4_lab1.elf 
arm-none-eabi-objdump -h -S  unit6_lesson4_lab1.elf  > "unit6_lesson4_lab1.list"
   text	   data	    bss	    dec	    hex	filename
    648	      8	   1568	   2224	    8b0	unit6_lesson4_lab1.elf
Finished building: default.size.stdout
 
Finished building: unit6_lesson4_lab1.list
 
21:37:20 **** Incremental Build of configuration Debug for project unit6_lesson4_lab1 ****
make -j4 all 
arm-none-eabi-gcc -gdwarf-2 "../Src/main.c" -mcpu=cortex-m3 -std=gnu11 -g3 -DDEBUG -DSTM32 -DSTM32F1 -DSTM32F103C6Tx -c -I../Inc -O0 -ffunction-sections -fdata-sections -Wall -fstack-usage -MMD -MP -MF"Src/main.d" -MT"Src/main.o" --specs=nano.specs -mfloat-abi=soft -mthumb -o "Src/main.o"
arm-none-eabi-gcc -gdwarf-2 -o "unit6_lesson4_lab1.elf" @"objects.list"   -mcpu=cortex-m3 -T"B:\Embedded_Systems_Online_Diploma\Unit_6_MCU_Fundamentals\Lesson4\unit6_lesson4_lab1\unit6_lesson4_lab1\STM32F103C6TX_FLASH.ld" --specs=nosys.specs -Wl,-Map="unit6_lesson4_lab1.map" -Wl,--gc-sections -static --specs=nano.specs -mfloat-abi=soft -mthumb -Wl,--start-group -lc -lm -Wl,--end-group
Finished building target: unit6_lesson4_lab1.elf
 
arm-none-eabi-size   unit6_lesson4_lab1.elf 
arm-none-eabi-objdump -h -S  unit6_lesson4_lab1.elf  > "unit6_lesson4_lab1.list"
   text	   data	    bss	    dec	    hex	filename
    776	      8	   1568	   2352	    930	unit6_lesson4_lab1.elf
Finished building: default.size.stdout
 
Finished building: unit6_lesson4_lab1.list
 
07:55:16 **** Incremental Build of configuration Debug for project unit6_lesson4_lab1 ****
make -j4 all 
arm-none-eabi-gcc -gdwarf-2 "../Src/main.c" -mcpu=cortex-m3 -std=gnu11 -g3 -DDEBUG -DSTM32 -DSTM32F1 -DSTM32F103C6Tx -c -I../Inc -O0 -ffunction-sections -fdata-sections -Wall -fstack-usage -MMD -MP -MF"Src/main.d" -MT"Src/main.o" --specs=nano.specs -mfloat-abi=soft -mthumb -o "Src/main.o"
../Src/main.c: In function 'main':
../Src/main.c:90:8: error: 'GPIOA' undeclared (first use in this function); did you mean 'GPIOA13'?
   90 |   if(((GPIOA &(1<<1))>>1) == 0) //press
      |        ^~~~~
      |        GPIOA13
../Src/main.c:90:8: note: each undeclared identifier is reported only once for each function it appears in
make: *** [Src/subdir.mk:25: Src/main.o] Error 1
"make -j4 all" terminated with exit code 2. Build might be incomplete.
07:55:57 **** Incremental Build of configuration Debug for project unit6_lesson4_lab1 ****
make -j4 all 
arm-none-eabi-gcc -gdwarf-2 "../Src/main.c" -mcpu=cortex-m3 -std=gnu11 -g3 -DDEBUG -DSTM32 -DSTM32F1 -DSTM32F103C6Tx -c -I../Inc -O0 -ffunction-sections -fdata-sections -Wall -fstack-usage -MMD -MP -MF"Src/main.d" -MT"Src/main.o" --specs=nano.specs -mfloat-abi=soft -mthumb -o "Src/main.o"
../Src/main.c: In function 'main':
../Src/main.c:37:61: error: invalid suffix "h" on integer constant
   37 | #define GPIOA_IDR       *(volatile uint32_t *)(GPIOA_BASE + 0x08h)
      |                                                             ^~~~~
../Src/main.c:90:8: note: in expansion of macro 'GPIOA_IDR'
   90 |   if(((GPIOA_IDR &(1<<1))>>1) == 0) //press
      |        ^~~~~~~~~
../Src/main.c:93:12: error: 'GPIOA' undeclared (first use in this function); did you mean 'GPIOA13'?
   93 |    while(((GPIOA &(1<<1))>>1) == 0);//single press
      |            ^~~~~
      |            GPIOA13
../Src/main.c:93:12: note: each undeclared identifier is reported only once for each function it appears in
../Src/main.c:37:61: error: invalid suffix "h" on integer constant
   37 | #define GPIOA_IDR       *(volatile uint32_t *)(GPIOA_BASE + 0x08h)
      |                                                             ^~~~~
../Src/main.c:96:8: note: in expansion of macro 'GPIOA_IDR'
   96 |   if(((GPIOA_IDR &(1<<13))>>13) == 1) //Multi press
      |        ^~~~~~~~~
make: *** [Src/subdir.mk:25: Src/main.o] Error 1
"make -j4 all" terminated with exit code 2. Build might be incomplete.
07:56:19 **** Incremental Build of configuration Debug for project unit6_lesson4_lab1 ****
make -j4 all 
arm-none-eabi-gcc -gdwarf-2 "../Src/main.c" -mcpu=cortex-m3 -std=gnu11 -g3 -DDEBUG -DSTM32 -DSTM32F1 -DSTM32F103C6Tx -c -I../Inc -O0 -ffunction-sections -fdata-sections -Wall -fstack-usage -MMD -MP -MF"Src/main.d" -MT"Src/main.o" --specs=nano.specs -mfloat-abi=soft -mthumb -o "Src/main.o"
../Src/main.c: In function 'main':
../Src/main.c:93:12: error: 'GPIOA' undeclared (first use in this function); did you mean 'GPIOA13'?
   93 |    while(((GPIOA &(1<<1))>>1) == 0);//single press
      |            ^~~~~
      |            GPIOA13
../Src/main.c:93:12: note: each undeclared identifier is reported only once for each function it appears in
make: *** [Src/subdir.mk:25: Src/main.o] Error 1
"make -j4 all" terminated with exit code 2. Build might be incomplete.
07:56:32 **** Incremental Build of configuration Debug for project unit6_lesson4_lab1 ****
make -j4 all 
arm-none-eabi-gcc -gdwarf-2 "../Src/main.c" -mcpu=cortex-m3 -std=gnu11 -g3 -DDEBUG -DSTM32 -DSTM32F1 -DSTM32F103C6Tx -c -I../Inc -O0 -ffunction-sections -fdata-sections -Wall -fstack-usage -MMD -MP -MF"Src/main.d" -MT"Src/main.o" --specs=nano.specs -mfloat-abi=soft -mthumb -o "Src/main.o"
arm-none-eabi-gcc -gdwarf-2 -o "unit6_lesson4_lab1.elf" @"objects.list"   -mcpu=cortex-m3 -T"B:\Embedded_Systems_Online_Diploma\Unit_6_MCU_Fundamentals\Lesson4\unit6_lesson4_lab1\unit6_lesson4_lab1\STM32F103C6TX_FLASH.ld" --specs=nosys.specs -Wl,-Map="unit6_lesson4_lab1.map" -Wl,--gc-sections -static --specs=nano.specs -mfloat-abi=soft -mthumb -Wl,--start-group -lc -lm -Wl,--end-group
Finished building target: unit6_lesson4_lab1.elf
 
arm-none-eabi-size   unit6_lesson4_lab1.elf 
arm-none-eabi-objdump -h -S  unit6_lesson4_lab1.elf  > "unit6_lesson4_lab1.list"
   text	   data	    bss	    dec	    hex	filename
    848	      8	   1568	   2424	    978	unit6_lesson4_lab1.elf
Finished building: default.size.stdout
 
Finished building: unit6_lesson4_lab1.list
 
17:02:37 **** Incremental Build of configuration Debug for project unit6_lesson4_lab1 ****
make -j4 all 
arm-none-eabi-gcc -gdwarf-2 "../Src/main.c" -mcpu=cortex-m3 -std=gnu11 -g3 -DDEBUG -DSTM32 -DSTM32F1 -DSTM32F103C6Tx -c -I../Inc -O0 -ffunction-sections -fdata-sections -Wall -fstack-usage -MMD -MP -MF"Src/main.d" -MT"Src/main.o" --specs=nano.specs -mfloat-abi=soft -mthumb -o "Src/main.o"
arm-none-eabi-gcc -gdwarf-2 -o "unit6_lesson4_lab1.elf" @"objects.list"   -mcpu=cortex-m3 -T"B:\Embedded_Systems_Online_Diploma\Unit_6_MCU_Fundamentals\Lesson4\unit6_lesson4_lab1\unit6_lesson4_lab1\STM32F103C6TX_FLASH.ld" --specs=nosys.specs -Wl,-Map="unit6_lesson4_lab1.map" -Wl,--gc-sections -static --specs=nano.specs -mfloat-abi=soft -mthumb -Wl,--start-group -lc -lm -Wl,--end-group
Finished building target: unit6_lesson4_lab1.elf
 
arm-none-eabi-size   unit6_lesson4_lab1.elf 
arm-none-eabi-objdump -h -S  unit6_lesson4_lab1.elf  > "unit6_lesson4_lab1.list"
   text	   data	    bss	    dec	    hex	filename
    872	      8	   1568	   2448	    990	unit6_lesson4_lab1.elf
Finished building: default.size.stdout
 
Finished building: unit6_lesson4_lab1.list
 
17:09:06 **** Incremental Build of configuration Debug for project unit6_lesson4_lab1 ****
make -j4 all 
arm-none-eabi-gcc -gdwarf-2 "../Src/main.c" -mcpu=cortex-m3 -std=gnu11 -g3 -DDEBUG -DSTM32 -DSTM32F1 -DSTM32F103C6Tx -c -I../Inc -O0 -ffunction-sections -fdata-sections -Wall -fstack-usage -MMD -MP -MF"Src/main.d" -MT"Src/main.o" --specs=nano.specs -mfloat-abi=soft -mthumb -o "Src/main.o"
arm-none-eabi-gcc -gdwarf-2 -o "unit6_lesson4_lab1.elf" @"objects.list"   -mcpu=cortex-m3 -T"B:\Embedded_Systems_Online_Diploma\Unit_6_MCU_Fundamentals\Lesson4\unit6_lesson4_lab1\unit6_lesson4_lab1\STM32F103C6TX_FLASH.ld" --specs=nosys.specs -Wl,-Map="unit6_lesson4_lab1.map" -Wl,--gc-sections -static --specs=nano.specs -mfloat-abi=soft -mthumb -Wl,--start-group -lc -lm -Wl,--end-group
Finished building target: unit6_lesson4_lab1.elf
 
arm-none-eabi-size   unit6_lesson4_lab1.elf 
arm-none-eabi-objdump -h -S  unit6_lesson4_lab1.elf  > "unit6_lesson4_lab1.list"
   text	   data	    bss	    dec	    hex	filename
    884	      8	   1568	   2460	    99c	unit6_lesson4_lab1.elf
Finished building: default.size.stdout
 
Finished building: unit6_lesson4_lab1.list
 
17:12:19 **** Incremental Build of configuration Debug for project unit6_lesson4_lab1 ****
make -j4 all 
arm-none-eabi-gcc -gdwarf-2 "../Src/main.c" -mcpu=cortex-m3 -std=gnu11 -g3 -DDEBUG -DSTM32 -DSTM32F1 -DSTM32F103C6Tx -c -I../Inc -O0 -ffunction-sections -fdata-sections -Wall -fstack-usage -MMD -MP -MF"Src/main.d" -MT"Src/main.o" --specs=nano.specs -mfloat-abi=soft -mthumb -o "Src/main.o"
arm-none-eabi-gcc -gdwarf-2 -o "unit6_lesson4_lab1.elf" @"objects.list"   -mcpu=cortex-m3 -T"B:\Embedded_Systems_Online_Diploma\Unit_6_MCU_Fundamentals\Lesson4\unit6_lesson4_lab1\unit6_lesson4_lab1\STM32F103C6TX_FLASH.ld" --specs=nosys.specs -Wl,-Map="unit6_lesson4_lab1.map" -Wl,--gc-sections -static --specs=nano.specs -mfloat-abi=soft -mthumb -Wl,--start-group -lc -lm -Wl,--end-group
Finished building target: unit6_lesson4_lab1.elf
 
arm-none-eabi-size   unit6_lesson4_lab1.elf 
arm-none-eabi-objdump -h -S  unit6_lesson4_lab1.elf  > "unit6_lesson4_lab1.list"
   text	   data	    bss	    dec	    hex	filename
    888	      8	   1568	   2464	    9a0	unit6_lesson4_lab1.elf
Finished building: default.size.stdout
 
Finished building: unit6_lesson4_lab1.list
 
17:15:07 **** Incremental Build of configuration Debug for project unit6_lesson4_lab1 ****
make -j4 all 
arm-none-eabi-gcc -gdwarf-2 "../Src/main.c" -mcpu=cortex-m3 -std=gnu11 -g3 -DDEBUG -DSTM32 -DSTM32F1 -DSTM32F103C6Tx -c -I../Inc -O0 -ffunction-sections -fdata-sections -Wall -fstack-usage -MMD -MP -MF"Src/main.d" -MT"Src/main.o" --specs=nano.specs -mfloat-abi=soft -mthumb -o "Src/main.o"
arm-none-eabi-gcc -gdwarf-2 -o "unit6_lesson4_lab1.elf" @"objects.list"   -mcpu=cortex-m3 -T"B:\Embedded_Systems_Online_Diploma\Unit_6_MCU_Fundamentals\Lesson4\unit6_lesson4_lab1\unit6_lesson4_lab1\STM32F103C6TX_FLASH.ld" --specs=nosys.specs -Wl,-Map="unit6_lesson4_lab1.map" -Wl,--gc-sections -static --specs=nano.specs -mfloat-abi=soft -mthumb -Wl,--start-group -lc -lm -Wl,--end-group
Finished building target: unit6_lesson4_lab1.elf
 
arm-none-eabi-size   unit6_lesson4_lab1.elf 
arm-none-eabi-objdump -h -S  unit6_lesson4_lab1.elf  > "unit6_lesson4_lab1.list"
   text	   data	    bss	    dec	    hex	filename
    888	      8	   1568	   2464	    9a0	unit6_lesson4_lab1.elf
Finished building: default.size.stdout
 
Finished building: unit6_lesson4_lab1.list
 
