../MCAL/Stm32_F103C6_EXTI_Driver.c:34:6:Enalbe_NVIC	16	static
../MCAL/Stm32_F103C6_EXTI_Driver.c:71:6:Disalbe_NVIC	16	static
../MCAL/Stm32_F103C6_EXTI_Driver.c:109:6:Update_EXTI	24	static
../MCAL/Stm32_F103C6_EXTI_Driver.c:168:6:MCAL_EXTI_GPIO_DeInit	4	static
../MCAL/Stm32_F103C6_EXTI_Driver.c:203:6:MCAL_EXTI_GPIO_Init	16	static
../MCAL/Stm32_F103C6_EXTI_Driver.c:217:6:MCAL_EXTI_GPIO_Update	16	static
../MCAL/Stm32_F103C6_EXTI_Driver.c:229:6:EXTI0_IRQHandler	8	static
../MCAL/Stm32_F103C6_EXTI_Driver.c:236:6:EXTI1_IRQHandler	8	static
../MCAL/Stm32_F103C6_EXTI_Driver.c:243:6:EXTI2_IRQHandler	8	static
../MCAL/Stm32_F103C6_EXTI_Driver.c:250:6:EXTI3_IRQHandler	8	static
../MCAL/Stm32_F103C6_EXTI_Driver.c:257:6:EXTI4_IRQHandler	8	static
../MCAL/Stm32_F103C6_EXTI_Driver.c:264:6:EXTI9_5_IRQHandler	8	static
../MCAL/Stm32_F103C6_EXTI_Driver.c:272:6:EXTI15_10_IRQHandler	8	static
