17:44:58 **** Incremental Build of configuration Debug for project Drivers ****
make -j4 all 
arm-none-eabi-gcc -gdwarf-2 "../Src/main.c" -mcpu=cortex-m3 -std=gnu11 -g3 -DDEBUG -DSTM32 -DSTM32F1 -DSTM32F103C6Tx -c -I../Inc -I"B:/Embedded_Systems_Online_Diploma/Unit_7_Essential_Peripherals/unit7_lesson3_drivers/Drivers/Stm32_F103C6_Drivers/inc" -O0 -ffunction-sections -fdata-sections -Wall -fstack-usage -MMD -MP -MF"Src/main.d" -MT"Src/main.o" --specs=nano.specs -mfloat-abi=soft -mthumb -o "Src/main.o"
arm-none-eabi-gcc -gdwarf-2 -o "Drivers.elf" @"objects.list"   -mcpu=cortex-m3 -T"B:\Embedded_Systems_Online_Diploma\Unit_7_Essential_Peripherals\unit7_lesson3_drivers\Drivers\STM32F103C6TX_FLASH.ld" --specs=nosys.specs -Wl,-Map="Drivers.map" -Wl,--gc-sections -static --specs=nano.specs -mfloat-abi=soft -mthumb -Wl,--start-group -lc -lm -Wl,--end-group
Finished building target: Drivers.elf
 
arm-none-eabi-size   Drivers.elf 
arm-none-eabi-objdump -h -S  Drivers.elf  > "Drivers.list"
   text	   data	    bss	    dec	    hex	filename
   1552	      8	   1568	   3128	    c38	Drivers.elf
Finished building: default.size.stdout
 
Finished building: Drivers.list
 

17:45:03 Build Finished. 0 errors, 0 warnings. (took 4s.823ms)

