18:07:39 **** Clean-only build of configuration Debug for project Drivers ****
make -j4 clean 
rm -rf ./Stm32_F103C6_Drivers/GPIO/Stm32_F103C6_GPIO_Driver.d ./Stm32_F103C6_Drivers/GPIO/Stm32_F103C6_GPIO_Driver.o ./Stm32_F103C6_Drivers/GPIO/Stm32_F103C6_GPIO_Driver.su
rm -rf ./Startup/startup_stm32f103c6tx.d ./Startup/startup_stm32f103c6tx.o
rm -rf ./Src/main.d ./Src/main.o ./Src/main.su ./Src/syscalls.d ./Src/syscalls.o ./Src/syscalls.su ./Src/sysmem.d ./Src/sysmem.o ./Src/sysmem.su
rm -rf Drivers.elf Drivers.list Drivers.map default.size.stdout
 
18:07:40 **** Build of configuration Debug for project Drivers ****
make -j4 all 
arm-none-eabi-gcc -gdwarf-2 "../Stm32_F103C6_Drivers/GPIO/Stm32_F103C6_GPIO_Driver.c" -mcpu=cortex-m3 -std=gnu11 -g3 -DDEBUG -DSTM32 -DSTM32F1 -DSTM32F103C6Tx -c -I../Inc -I"B:/Embedded_Systems_Online_Diploma/Unit_7_Essential_Peripherals/unit7_lesson4_Ext-Interrupt/Drivers/Stm32_F103C6_Drivers/inc" -O0 -ffunction-sections -fdata-sections -Wall -fstack-usage -MMD -MP -MF"Stm32_F103C6_Drivers/GPIO/Stm32_F103C6_GPIO_Driver.d" -MT"Stm32_F103C6_Drivers/GPIO/Stm32_F103C6_GPIO_Driver.o" --specs=nano.specs -mfloat-abi=soft -mthumb -o "Stm32_F103C6_Drivers/GPIO/Stm32_F103C6_GPIO_Driver.o"
arm-none-eabi-gcc -gdwarf-2 "../Stm32_F103C6_Drivers/Stm32_F103C6_EXTI_Driver.c" -mcpu=cortex-m3 -std=gnu11 -g3 -DDEBUG -DSTM32 -DSTM32F1 -DSTM32F103C6Tx -c -I../Inc -I"B:/Embedded_Systems_Online_Diploma/Unit_7_Essential_Peripherals/unit7_lesson4_Ext-Interrupt/Drivers/Stm32_F103C6_Drivers/inc" -O0 -ffunction-sections -fdata-sections -Wall -fstack-usage -MMD -MP -MF"Stm32_F103C6_Drivers/Stm32_F103C6_EXTI_Driver.d" -MT"Stm32_F103C6_Drivers/Stm32_F103C6_EXTI_Driver.o" --specs=nano.specs -mfloat-abi=soft -mthumb -o "Stm32_F103C6_Drivers/Stm32_F103C6_EXTI_Driver.o"
arm-none-eabi-gcc -gdwarf-2 -mcpu=cortex-m3 -g3 -DDEBUG -c -x assembler-with-cpp -MMD -MP -MF"Startup/startup_stm32f103c6tx.d" -MT"Startup/startup_stm32f103c6tx.o" --specs=nano.specs -mfloat-abi=soft -mthumb -o "Startup/startup_stm32f103c6tx.o" "../Startup/startup_stm32f103c6tx.s"
arm-none-eabi-gcc -gdwarf-2 "../Src/main.c" -mcpu=cortex-m3 -std=gnu11 -g3 -DDEBUG -DSTM32 -DSTM32F1 -DSTM32F103C6Tx -c -I../Inc -I"B:/Embedded_Systems_Online_Diploma/Unit_7_Essential_Peripherals/unit7_lesson4_Ext-Interrupt/Drivers/Stm32_F103C6_Drivers/inc" -O0 -ffunction-sections -fdata-sections -Wall -fstack-usage -MMD -MP -MF"Src/main.d" -MT"Src/main.o" --specs=nano.specs -mfloat-abi=soft -mthumb -o "Src/main.o"
arm-none-eabi-gcc -gdwarf-2 "../Src/syscalls.c" -mcpu=cortex-m3 -std=gnu11 -g3 -DDEBUG -DSTM32 -DSTM32F1 -DSTM32F103C6Tx -c -I../Inc -I"B:/Embedded_Systems_Online_Diploma/Unit_7_Essential_Peripherals/unit7_lesson4_Ext-Interrupt/Drivers/Stm32_F103C6_Drivers/inc" -O0 -ffunction-sections -fdata-sections -Wall -fstack-usage -MMD -MP -MF"Src/syscalls.d" -MT"Src/syscalls.o" --specs=nano.specs -mfloat-abi=soft -mthumb -o "Src/syscalls.o"
arm-none-eabi-gcc -gdwarf-2 "../Src/sysmem.c" -mcpu=cortex-m3 -std=gnu11 -g3 -DDEBUG -DSTM32 -DSTM32F1 -DSTM32F103C6Tx -c -I../Inc -I"B:/Embedded_Systems_Online_Diploma/Unit_7_Essential_Peripherals/unit7_lesson4_Ext-Interrupt/Drivers/Stm32_F103C6_Drivers/inc" -O0 -ffunction-sections -fdata-sections -Wall -fstack-usage -MMD -MP -MF"Src/sysmem.d" -MT"Src/sysmem.o" --specs=nano.specs -mfloat-abi=soft -mthumb -o "Src/sysmem.o"
arm-none-eabi-gcc -gdwarf-2 -o "Drivers.elf" @"objects.list"   -mcpu=cortex-m3 -T"B:\Embedded_Systems_Online_Diploma\Unit_7_Essential_Peripherals\unit7_lesson4_Ext-Interrupt\Drivers\STM32F103C6TX_FLASH.ld" --specs=nosys.specs -Wl,-Map="Drivers.map" -Wl,--gc-sections -static --specs=nano.specs -mfloat-abi=soft -mthumb -Wl,--start-group -lc -lm -Wl,--end-group
Finished building target: Drivers.elf
 
arm-none-eabi-size   Drivers.elf 
arm-none-eabi-objdump -h -S  Drivers.elf  > "Drivers.list"
   text	   data	    bss	    dec	    hex	filename
   1552	      8	   1568	   3128	    c38	Drivers.elf
Finished building: default.size.stdout
 
Finished building: Drivers.list
 
18:08:22 **** Incremental Build of configuration Debug for project Drivers ****
make -j4 all 
arm-none-eabi-gcc -gdwarf-2 "../Src/main.c" -mcpu=cortex-m3 -std=gnu11 -g3 -DDEBUG -DSTM32 -DSTM32F1 -DSTM32F103C6Tx -c -I../Inc -I"B:/Embedded_Systems_Online_Diploma/Unit_7_Essential_Peripherals/unit7_lesson4_Ext-Interrupt/Drivers/Stm32_F103C6_Drivers/inc" -O0 -ffunction-sections -fdata-sections -Wall -fstack-usage -MMD -MP -MF"Src/main.d" -MT"Src/main.o" --specs=nano.specs -mfloat-abi=soft -mthumb -o "Src/main.o"
arm-none-eabi-gcc -gdwarf-2 -o "Drivers.elf" @"objects.list"   -mcpu=cortex-m3 -T"B:\Embedded_Systems_Online_Diploma\Unit_7_Essential_Peripherals\unit7_lesson4_Ext-Interrupt\Drivers\STM32F103C6TX_FLASH.ld" --specs=nosys.specs -Wl,-Map="Drivers.map" -Wl,--gc-sections -static --specs=nano.specs -mfloat-abi=soft -mthumb -Wl,--start-group -lc -lm -Wl,--end-group
Finished building target: Drivers.elf
 
arm-none-eabi-size   Drivers.elf 
arm-none-eabi-objdump -h -S  Drivers.elf  > "Drivers.list"
   text	   data	    bss	    dec	    hex	filename
   1552	      8	   1568	   3128	    c38	Drivers.elf
Finished building: default.size.stdout
Finished building: Drivers.list
 
 
21:24:36 **** Incremental Build of configuration Debug for project Drivers ****
make -j4 all 
arm-none-eabi-gcc -gdwarf-2 "../Stm32_F103C6_Drivers/GPIO/Stm32_F103C6_GPIO_Driver.c" -mcpu=cortex-m3 -std=gnu11 -g3 -DDEBUG -DSTM32 -DSTM32F1 -DSTM32F103C6Tx -c -I../Inc -I"B:/Embedded_Systems_Online_Diploma/Unit_7_Essential_Peripherals/unit7_lesson4_Ext-Interrupt/Drivers/Stm32_F103C6_Drivers/inc" -O0 -ffunction-sections -fdata-sections -Wall -fstack-usage -MMD -MP -MF"Stm32_F103C6_Drivers/GPIO/Stm32_F103C6_GPIO_Driver.d" -MT"Stm32_F103C6_Drivers/GPIO/Stm32_F103C6_GPIO_Driver.o" --specs=nano.specs -mfloat-abi=soft -mthumb -o "Stm32_F103C6_Drivers/GPIO/Stm32_F103C6_GPIO_Driver.o"
arm-none-eabi-gcc -gdwarf-2 "../Stm32_F103C6_Drivers/Stm32_F103C6_EXTI_Driver.c" -mcpu=cortex-m3 -std=gnu11 -g3 -DDEBUG -DSTM32 -DSTM32F1 -DSTM32F103C6Tx -c -I../Inc -I"B:/Embedded_Systems_Online_Diploma/Unit_7_Essential_Peripherals/unit7_lesson4_Ext-Interrupt/Drivers/Stm32_F103C6_Drivers/inc" -O0 -ffunction-sections -fdata-sections -Wall -fstack-usage -MMD -MP -MF"Stm32_F103C6_Drivers/Stm32_F103C6_EXTI_Driver.d" -MT"Stm32_F103C6_Drivers/Stm32_F103C6_EXTI_Driver.o" --specs=nano.specs -mfloat-abi=soft -mthumb -o "Stm32_F103C6_Drivers/Stm32_F103C6_EXTI_Driver.o"
arm-none-eabi-gcc -gdwarf-2 "../Src/main.c" -mcpu=cortex-m3 -std=gnu11 -g3 -DDEBUG -DSTM32 -DSTM32F1 -DSTM32F103C6Tx -c -I../Inc -I"B:/Embedded_Systems_Online_Diploma/Unit_7_Essential_Peripherals/unit7_lesson4_Ext-Interrupt/Drivers/Stm32_F103C6_Drivers/inc" -O0 -ffunction-sections -fdata-sections -Wall -fstack-usage -MMD -MP -MF"Src/main.d" -MT"Src/main.o" --specs=nano.specs -mfloat-abi=soft -mthumb -o "Src/main.o"
In file included from ../Src/main.c:20:
B:/Embedded_Systems_Online_Diploma/Unit_7_Essential_Peripherals/unit7_lesson4_Ext-Interrupt/Drivers/Stm32_F103C6_Drivers/inc/Stm32_F103C6_EXTI_Driver.h:182: warning: "EXTI_IRQ_Enable" redefined
  182 | #define EXTI_IRQ_Enable     0
      | 
B:/Embedded_Systems_Online_Diploma/Unit_7_Essential_Peripherals/unit7_lesson4_Ext-Interrupt/Drivers/Stm32_F103C6_Drivers/inc/Stm32_F103C6_EXTI_Driver.h:181: note: this is the location of the previous definition
  181 | #define EXTI_IRQ_Enable     1
      | 
../Stm32_F103C6_Drivers/Stm32_F103C6_EXTI_Driver.c:53:26: error: unknown type name 'EXTI_PinConfig_t'; did you mean 'GPIO_PinConfig_t'?
   53 | void MCAL_EXTI_GPIO_Init(EXTI_PinConfig_t* EXTI_Config);
      |                          ^~~~~~~~~~~~~~~~
      |                          GPIO_PinConfig_t
../Stm32_F103C6_Drivers/Stm32_F103C6_EXTI_Driver.c:55:28: error: unknown type name 'EXTI_PinConfig_t'; did you mean 'GPIO_PinConfig_t'?
   55 | void MCAL_EXTI_GPIO_Update(EXTI_PinConfig_t* EXTI_Config);
      |                            ^~~~~~~~~~~~~~~~
      |                            GPIO_PinConfig_t
make: *** [Stm32_F103C6_Drivers/subdir.mk:19: Stm32_F103C6_Drivers/Stm32_F103C6_EXTI_Driver.o] Error 1
make: *** Waiting for unfinished jobs....
"make -j4 all" terminated with exit code 2. Build might be incomplete.
21:25:30 **** Incremental Build of configuration Debug for project Drivers ****
make -j4 all 
arm-none-eabi-gcc -gdwarf-2 "../Stm32_F103C6_Drivers/Stm32_F103C6_EXTI_Driver.c" -mcpu=cortex-m3 -std=gnu11 -g3 -DDEBUG -DSTM32 -DSTM32F1 -DSTM32F103C6Tx -c -I../Inc -I"B:/Embedded_Systems_Online_Diploma/Unit_7_Essential_Peripherals/unit7_lesson4_Ext-Interrupt/Drivers/Stm32_F103C6_Drivers/inc" -O0 -ffunction-sections -fdata-sections -Wall -fstack-usage -MMD -MP -MF"Stm32_F103C6_Drivers/Stm32_F103C6_EXTI_Driver.d" -MT"Stm32_F103C6_Drivers/Stm32_F103C6_EXTI_Driver.o" --specs=nano.specs -mfloat-abi=soft -mthumb -o "Stm32_F103C6_Drivers/Stm32_F103C6_EXTI_Driver.o"
In file included from ../Stm32_F103C6_Drivers/Stm32_F103C6_EXTI_Driver.c:9:
B:/Embedded_Systems_Online_Diploma/Unit_7_Essential_Peripherals/unit7_lesson4_Ext-Interrupt/Drivers/Stm32_F103C6_Drivers/inc/Stm32_F103C6_EXTI_Driver.h:182: warning: "EXTI_IRQ_Enable" redefined
  182 | #define EXTI_IRQ_Enable     0
      | 
B:/Embedded_Systems_Online_Diploma/Unit_7_Essential_Peripherals/unit7_lesson4_Ext-Interrupt/Drivers/Stm32_F103C6_Drivers/inc/Stm32_F103C6_EXTI_Driver.h:181: note: this is the location of the previous definition
  181 | #define EXTI_IRQ_Enable     1
      | 
arm-none-eabi-gcc -gdwarf-2 -o "Drivers.elf" @"objects.list"   -mcpu=cortex-m3 -T"B:\Embedded_Systems_Online_Diploma\Unit_7_Essential_Peripherals\unit7_lesson4_Ext-Interrupt\Drivers\STM32F103C6TX_FLASH.ld" --specs=nosys.specs -Wl,-Map="Drivers.map" -Wl,--gc-sections -static --specs=nano.specs -mfloat-abi=soft -mthumb -Wl,--start-group -lc -lm -Wl,--end-group
Finished building target: Drivers.elf
 
arm-none-eabi-size   Drivers.elf 
arm-none-eabi-objdump -h -S  Drivers.elf  > "Drivers.list"
   text	   data	    bss	    dec	    hex	filename
   1552	      8	   1568	   3128	    c38	Drivers.elf
Finished building: default.size.stdout
 
Finished building: Drivers.list
 
22:00:21 **** Incremental Build of configuration Debug for project Drivers ****
make -j4 all 
arm-none-eabi-gcc -gdwarf-2 "../Stm32_F103C6_Drivers/GPIO/Stm32_F103C6_GPIO_Driver.c" -mcpu=cortex-m3 -std=gnu11 -g3 -DDEBUG -DSTM32 -DSTM32F1 -DSTM32F103C6Tx -c -I../Inc -I"B:/Embedded_Systems_Online_Diploma/Unit_7_Essential_Peripherals/unit7_lesson4_Ext-Interrupt/Drivers/Stm32_F103C6_Drivers/inc" -O0 -ffunction-sections -fdata-sections -Wall -fstack-usage -MMD -MP -MF"Stm32_F103C6_Drivers/GPIO/Stm32_F103C6_GPIO_Driver.d" -MT"Stm32_F103C6_Drivers/GPIO/Stm32_F103C6_GPIO_Driver.o" --specs=nano.specs -mfloat-abi=soft -mthumb -o "Stm32_F103C6_Drivers/GPIO/Stm32_F103C6_GPIO_Driver.o"
arm-none-eabi-gcc -gdwarf-2 "../Stm32_F103C6_Drivers/Stm32_F103C6_EXTI_Driver.c" -mcpu=cortex-m3 -std=gnu11 -g3 -DDEBUG -DSTM32 -DSTM32F1 -DSTM32F103C6Tx -c -I../Inc -I"B:/Embedded_Systems_Online_Diploma/Unit_7_Essential_Peripherals/unit7_lesson4_Ext-Interrupt/Drivers/Stm32_F103C6_Drivers/inc" -O0 -ffunction-sections -fdata-sections -Wall -fstack-usage -MMD -MP -MF"Stm32_F103C6_Drivers/Stm32_F103C6_EXTI_Driver.d" -MT"Stm32_F103C6_Drivers/Stm32_F103C6_EXTI_Driver.o" --specs=nano.specs -mfloat-abi=soft -mthumb -o "Stm32_F103C6_Drivers/Stm32_F103C6_EXTI_Driver.o"
arm-none-eabi-gcc -gdwarf-2 "../Src/main.c" -mcpu=cortex-m3 -std=gnu11 -g3 -DDEBUG -DSTM32 -DSTM32F1 -DSTM32F103C6Tx -c -I../Inc -I"B:/Embedded_Systems_Online_Diploma/Unit_7_Essential_Peripherals/unit7_lesson4_Ext-Interrupt/Drivers/Stm32_F103C6_Drivers/inc" -O0 -ffunction-sections -fdata-sections -Wall -fstack-usage -MMD -MP -MF"Src/main.d" -MT"Src/main.o" --specs=nano.specs -mfloat-abi=soft -mthumb -o "Src/main.o"
In file included from ../Src/main.c:20:
B:/Embedded_Systems_Online_Diploma/Unit_7_Essential_Peripherals/unit7_lesson4_Ext-Interrupt/Drivers/Stm32_F103C6_Drivers/inc/Stm32_F103C6_EXTI_Driver.h:182: warning: "EXTI_IRQ_Enable" redefined
  182 | #define EXTI_IRQ_Enable     0
      | 
B:/Embedded_Systems_Online_Diploma/Unit_7_Essential_Peripherals/unit7_lesson4_Ext-Interrupt/Drivers/Stm32_F103C6_Drivers/inc/Stm32_F103C6_EXTI_Driver.h:181: note: this is the location of the previous definition
  181 | #define EXTI_IRQ_Enable     1
      | 
In file included from ../Stm32_F103C6_Drivers/Stm32_F103C6_EXTI_Driver.c:9:
B:/Embedded_Systems_Online_Diploma/Unit_7_Essential_Peripherals/unit7_lesson4_Ext-Interrupt/Drivers/Stm32_F103C6_Drivers/inc/Stm32_F103C6_EXTI_Driver.h:182: warning: "EXTI_IRQ_Enable" redefined
  182 | #define EXTI_IRQ_Enable     0
      | 
B:/Embedded_Systems_Online_Diploma/Unit_7_Essential_Peripherals/unit7_lesson4_Ext-Interrupt/Drivers/Stm32_F103C6_Drivers/inc/Stm32_F103C6_EXTI_Driver.h:181: note: this is the location of the previous definition
  181 | #define EXTI_IRQ_Enable     1
      | 
arm-none-eabi-gcc -gdwarf-2 -o "Drivers.elf" @"objects.list"   -mcpu=cortex-m3 -T"B:\Embedded_Systems_Online_Diploma\Unit_7_Essential_Peripherals\unit7_lesson4_Ext-Interrupt\Drivers\STM32F103C6TX_FLASH.ld" --specs=nosys.specs -Wl,-Map="Drivers.map" -Wl,--gc-sections -static --specs=nano.specs -mfloat-abi=soft -mthumb -Wl,--start-group -lc -lm -Wl,--end-group
Finished building target: Drivers.elf
 
arm-none-eabi-size   Drivers.elf 
arm-none-eabi-objdump -h -S  Drivers.elf  > "Drivers.list"
   text	   data	    bss	    dec	    hex	filename
   1552	      8	   1568	   3128	    c38	Drivers.elf
Finished building: default.size.stdout
 
Finished building: Drivers.list
 
22:48:06 **** Incremental Build of configuration Debug for project Drivers ****
make -j4 all 
arm-none-eabi-gcc -gdwarf-2 "../Stm32_F103C6_Drivers/GPIO/Stm32_F103C6_GPIO_Driver.c" -mcpu=cortex-m3 -std=gnu11 -g3 -DDEBUG -DSTM32 -DSTM32F1 -DSTM32F103C6Tx -c -I../Inc -I"B:/Embedded_Systems_Online_Diploma/Unit_7_Essential_Peripherals/unit7_lesson4_Ext-Interrupt/Drivers/Stm32_F103C6_Drivers/inc" -O0 -ffunction-sections -fdata-sections -Wall -fstack-usage -MMD -MP -MF"Stm32_F103C6_Drivers/GPIO/Stm32_F103C6_GPIO_Driver.d" -MT"Stm32_F103C6_Drivers/GPIO/Stm32_F103C6_GPIO_Driver.o" --specs=nano.specs -mfloat-abi=soft -mthumb -o "Stm32_F103C6_Drivers/GPIO/Stm32_F103C6_GPIO_Driver.o"
arm-none-eabi-gcc -gdwarf-2 "../Stm32_F103C6_Drivers/Stm32_F103C6_EXTI_Driver.c" -mcpu=cortex-m3 -std=gnu11 -g3 -DDEBUG -DSTM32 -DSTM32F1 -DSTM32F103C6Tx -c -I../Inc -I"B:/Embedded_Systems_Online_Diploma/Unit_7_Essential_Peripherals/unit7_lesson4_Ext-Interrupt/Drivers/Stm32_F103C6_Drivers/inc" -O0 -ffunction-sections -fdata-sections -Wall -fstack-usage -MMD -MP -MF"Stm32_F103C6_Drivers/Stm32_F103C6_EXTI_Driver.d" -MT"Stm32_F103C6_Drivers/Stm32_F103C6_EXTI_Driver.o" --specs=nano.specs -mfloat-abi=soft -mthumb -o "Stm32_F103C6_Drivers/Stm32_F103C6_EXTI_Driver.o"
arm-none-eabi-gcc -gdwarf-2 "../Src/main.c" -mcpu=cortex-m3 -std=gnu11 -g3 -DDEBUG -DSTM32 -DSTM32F1 -DSTM32F103C6Tx -c -I../Inc -I"B:/Embedded_Systems_Online_Diploma/Unit_7_Essential_Peripherals/unit7_lesson4_Ext-Interrupt/Drivers/Stm32_F103C6_Drivers/inc" -O0 -ffunction-sections -fdata-sections -Wall -fstack-usage -MMD -MP -MF"Src/main.d" -MT"Src/main.o" --specs=nano.specs -mfloat-abi=soft -mthumb -o "Src/main.o"
In file included from ../Stm32_F103C6_Drivers/Stm32_F103C6_EXTI_Driver.c:9:
B:/Embedded_Systems_Online_Diploma/Unit_7_Essential_Peripherals/unit7_lesson4_Ext-Interrupt/Drivers/Stm32_F103C6_Drivers/inc/Stm32_F103C6_EXTI_Driver.h:182: warning: "EXTI_IRQ_Enable" redefined
  182 | #define EXTI_IRQ_Enable     0
      | 
B:/Embedded_Systems_Online_Diploma/Unit_7_Essential_Peripherals/unit7_lesson4_Ext-Interrupt/Drivers/Stm32_F103C6_Drivers/inc/Stm32_F103C6_EXTI_Driver.h:181: note: this is the location of the previous definition
  181 | #define EXTI_IRQ_Enable     1
      | 
In file included from B:/Embedded_Systems_Online_Diploma/Unit_7_Essential_Peripherals/unit7_lesson4_Ext-Interrupt/Drivers/Stm32_F103C6_Drivers/inc/Stm32_F103C6_GPIO_Driver.h:11,
                 from ../Stm32_F103C6_Drivers/Stm32_F103C6_EXTI_Driver.c:8:
../Stm32_F103C6_Drivers/Stm32_F103C6_EXTI_Driver.c: In function 'MCAL_EXTI_GPIO_DeInit':
B:/Embedded_Systems_Online_Diploma/Unit_7_Essential_Peripherals/unit7_lesson4_Ext-Interrupt/Drivers/Stm32_F103C6_Drivers/inc/Stm32_F103x6.h:198:37: error: 'NVIC_ICER0' undeclared (first use in this function); did you mean 'NVIC_ISER0'?
  198 | #define NVIC_IRQ6_EXTI0_Disable    (NVIC_ICER0 |= 1<<6)
      |                                     ^~~~~~~~~~
../Stm32_F103C6_Drivers/Stm32_F103C6_EXTI_Driver.c:57:2: note: in expansion of macro 'NVIC_IRQ6_EXTI0_Disable'
   57 |  NVIC_IRQ6_EXTI0_Disable;
      |  ^~~~~~~~~~~~~~~~~~~~~~~
B:/Embedded_Systems_Online_Diploma/Unit_7_Essential_Peripherals/unit7_lesson4_Ext-Interrupt/Drivers/Stm32_F103C6_Drivers/inc/Stm32_F103x6.h:198:37: note: each undeclared identifier is reported only once for each function it appears in
  198 | #define NVIC_IRQ6_EXTI0_Disable    (NVIC_ICER0 |= 1<<6)
      |                                     ^~~~~~~~~~
../Stm32_F103C6_Drivers/Stm32_F103C6_EXTI_Driver.c:57:2: note: in expansion of macro 'NVIC_IRQ6_EXTI0_Disable'
   57 |  NVIC_IRQ6_EXTI0_Disable;
      |  ^~~~~~~~~~~~~~~~~~~~~~~
B:/Embedded_Systems_Online_Diploma/Unit_7_Essential_Peripherals/unit7_lesson4_Ext-Interrupt/Drivers/Stm32_F103C6_Drivers/inc/Stm32_F103x6.h:204:40: error: 'NVIC_ICER1' undeclared (first use in this function); did you mean 'NVIC_ISER1'?
  204 | #define NVIC_IRQ40_EXTI10_15_Disable  (NVIC_ICER1 |= 1<<8) // As 40 is in rage 32->63 which is for ISER1 (40 - 32)
      |                                        ^~~~~~~~~~
../Stm32_F103C6_Drivers/Stm32_F103C6_EXTI_Driver.c:63:2: note: in expansion of macro 'NVIC_IRQ40_EXTI10_15_Disable'
   63 |  NVIC_IRQ40_EXTI10_15_Disable;
      |  ^~~~~~~~~~~~~~~~~~~~~~~~~~~~
In file included from ../Src/main.c:20:
B:/Embedded_Systems_Online_Diploma/Unit_7_Essential_Peripherals/unit7_lesson4_Ext-Interrupt/Drivers/Stm32_F103C6_Drivers/inc/Stm32_F103C6_EXTI_Driver.h:182: warning: "EXTI_IRQ_Enable" redefined
  182 | #define EXTI_IRQ_Enable     0
      | 
B:/Embedded_Systems_Online_Diploma/Unit_7_Essential_Peripherals/unit7_lesson4_Ext-Interrupt/Drivers/Stm32_F103C6_Drivers/inc/Stm32_F103C6_EXTI_Driver.h:181: note: this is the location of the previous definition
  181 | #define EXTI_IRQ_Enable     1
      | 
make: *** [Stm32_F103C6_Drivers/subdir.mk:19: Stm32_F103C6_Drivers/Stm32_F103C6_EXTI_Driver.o] Error 1
make: *** Waiting for unfinished jobs....
"make -j4 all" terminated with exit code 2. Build might be incomplete.
22:50:20 **** Incremental Build of configuration Debug for project Drivers ****
make -j4 all 
arm-none-eabi-gcc -gdwarf-2 "../Stm32_F103C6_Drivers/GPIO/Stm32_F103C6_GPIO_Driver.c" -mcpu=cortex-m3 -std=gnu11 -g3 -DDEBUG -DSTM32 -DSTM32F1 -DSTM32F103C6Tx -c -I../Inc -I"B:/Embedded_Systems_Online_Diploma/Unit_7_Essential_Peripherals/unit7_lesson4_Ext-Interrupt/Drivers/Stm32_F103C6_Drivers/inc" -O0 -ffunction-sections -fdata-sections -Wall -fstack-usage -MMD -MP -MF"Stm32_F103C6_Drivers/GPIO/Stm32_F103C6_GPIO_Driver.d" -MT"Stm32_F103C6_Drivers/GPIO/Stm32_F103C6_GPIO_Driver.o" --specs=nano.specs -mfloat-abi=soft -mthumb -o "Stm32_F103C6_Drivers/GPIO/Stm32_F103C6_GPIO_Driver.o"
arm-none-eabi-gcc -gdwarf-2 "../Stm32_F103C6_Drivers/Stm32_F103C6_EXTI_Driver.c" -mcpu=cortex-m3 -std=gnu11 -g3 -DDEBUG -DSTM32 -DSTM32F1 -DSTM32F103C6Tx -c -I../Inc -I"B:/Embedded_Systems_Online_Diploma/Unit_7_Essential_Peripherals/unit7_lesson4_Ext-Interrupt/Drivers/Stm32_F103C6_Drivers/inc" -O0 -ffunction-sections -fdata-sections -Wall -fstack-usage -MMD -MP -MF"Stm32_F103C6_Drivers/Stm32_F103C6_EXTI_Driver.d" -MT"Stm32_F103C6_Drivers/Stm32_F103C6_EXTI_Driver.o" --specs=nano.specs -mfloat-abi=soft -mthumb -o "Stm32_F103C6_Drivers/Stm32_F103C6_EXTI_Driver.o"
arm-none-eabi-gcc -gdwarf-2 "../Src/main.c" -mcpu=cortex-m3 -std=gnu11 -g3 -DDEBUG -DSTM32 -DSTM32F1 -DSTM32F103C6Tx -c -I../Inc -I"B:/Embedded_Systems_Online_Diploma/Unit_7_Essential_Peripherals/unit7_lesson4_Ext-Interrupt/Drivers/Stm32_F103C6_Drivers/inc" -O0 -ffunction-sections -fdata-sections -Wall -fstack-usage -MMD -MP -MF"Src/main.d" -MT"Src/main.o" --specs=nano.specs -mfloat-abi=soft -mthumb -o "Src/main.o"
In file included from ../Stm32_F103C6_Drivers/Stm32_F103C6_EXTI_Driver.c:9:
B:/Embedded_Systems_Online_Diploma/Unit_7_Essential_Peripherals/unit7_lesson4_Ext-Interrupt/Drivers/Stm32_F103C6_Drivers/inc/Stm32_F103C6_EXTI_Driver.h:182: warning: "EXTI_IRQ_Enable" redefined
  182 | #define EXTI_IRQ_Enable     0
      | 
B:/Embedded_Systems_Online_Diploma/Unit_7_Essential_Peripherals/unit7_lesson4_Ext-Interrupt/Drivers/Stm32_F103C6_Drivers/inc/Stm32_F103C6_EXTI_Driver.h:181: note: this is the location of the previous definition
  181 | #define EXTI_IRQ_Enable     1
      | 
In file included from ../Src/main.c:20:
B:/Embedded_Systems_Online_Diploma/Unit_7_Essential_Peripherals/unit7_lesson4_Ext-Interrupt/Drivers/Stm32_F103C6_Drivers/inc/Stm32_F103C6_EXTI_Driver.h:182: warning: "EXTI_IRQ_Enable" redefined
  182 | #define EXTI_IRQ_Enable     0
      | 
B:/Embedded_Systems_Online_Diploma/Unit_7_Essential_Peripherals/unit7_lesson4_Ext-Interrupt/Drivers/Stm32_F103C6_Drivers/inc/Stm32_F103C6_EXTI_Driver.h:181: note: this is the location of the previous definition
  181 | #define EXTI_IRQ_Enable     1
      | 
arm-none-eabi-gcc -gdwarf-2 -o "Drivers.elf" @"objects.list"   -mcpu=cortex-m3 -T"B:\Embedded_Systems_Online_Diploma\Unit_7_Essential_Peripherals\unit7_lesson4_Ext-Interrupt\Drivers\STM32F103C6TX_FLASH.ld" --specs=nosys.specs -Wl,-Map="Drivers.map" -Wl,--gc-sections -static --specs=nano.specs -mfloat-abi=soft -mthumb -Wl,--start-group -lc -lm -Wl,--end-group
Finished building target: Drivers.elf
 
arm-none-eabi-size   Drivers.elf 
arm-none-eabi-objdump -h -S  Drivers.elf  > "Drivers.list"
   text	   data	    bss	    dec	    hex	filename
   1552	      8	   1568	   3128	    c38	Drivers.elf
Finished building: default.size.stdout
 
Finished building: Drivers.list
 
08:09:51 **** Incremental Build of configuration Debug for project Drivers ****
make -j4 all 
arm-none-eabi-gcc -gdwarf-2 "../Stm32_F103C6_Drivers/Stm32_F103C6_EXTI_Driver.c" -mcpu=cortex-m3 -std=gnu11 -g3 -DDEBUG -DSTM32 -DSTM32F1 -DSTM32F103C6Tx -c -I../Inc -I"B:/Embedded_Systems_Online_Diploma/Unit_7_Essential_Peripherals/unit7_lesson4_Ext-Interrupt/Drivers/Stm32_F103C6_Drivers/inc" -O0 -ffunction-sections -fdata-sections -Wall -fstack-usage -MMD -MP -MF"Stm32_F103C6_Drivers/Stm32_F103C6_EXTI_Driver.d" -MT"Stm32_F103C6_Drivers/Stm32_F103C6_EXTI_Driver.o" --specs=nano.specs -mfloat-abi=soft -mthumb -o "Stm32_F103C6_Drivers/Stm32_F103C6_EXTI_Driver.o"
In file included from ../Stm32_F103C6_Drivers/Stm32_F103C6_EXTI_Driver.c:9:
B:/Embedded_Systems_Online_Diploma/Unit_7_Essential_Peripherals/unit7_lesson4_Ext-Interrupt/Drivers/Stm32_F103C6_Drivers/inc/Stm32_F103C6_EXTI_Driver.h:182: warning: "EXTI_IRQ_Enable" redefined
  182 | #define EXTI_IRQ_Enable     0
      | 
B:/Embedded_Systems_Online_Diploma/Unit_7_Essential_Peripherals/unit7_lesson4_Ext-Interrupt/Drivers/Stm32_F103C6_Drivers/inc/Stm32_F103C6_EXTI_Driver.h:181: note: this is the location of the previous definition
  181 | #define EXTI_IRQ_Enable     1
      | 
../Stm32_F103C6_Drivers/Stm32_F103C6_EXTI_Driver.c: In function 'Update_EXTI':
../Stm32_F103C6_Drivers/Stm32_F103C6_EXTI_Driver.c:26:19: warning: variable 'PinCfg' set but not used [-Wunused-but-set-variable]
   26 |  GPIO_PinConfig_t PinCfg;
      |                   ^~~~~~
../Stm32_F103C6_Drivers/Stm32_F103C6_EXTI_Driver.c: At top level:
../Stm32_F103C6_Drivers/Stm32_F103C6_EXTI_Driver.c:88:1: error: expected identifier or '(' before '{' token
   88 | {
      | ^
make: *** [Stm32_F103C6_Drivers/subdir.mk:19: Stm32_F103C6_Drivers/Stm32_F103C6_EXTI_Driver.o] Error 1
"make -j4 all" terminated with exit code 2. Build might be incomplete.
08:10:21 **** Incremental Build of configuration Debug for project Drivers ****
make -j4 all 
arm-none-eabi-gcc -gdwarf-2 "../Stm32_F103C6_Drivers/Stm32_F103C6_EXTI_Driver.c" -mcpu=cortex-m3 -std=gnu11 -g3 -DDEBUG -DSTM32 -DSTM32F1 -DSTM32F103C6Tx -c -I../Inc -I"B:/Embedded_Systems_Online_Diploma/Unit_7_Essential_Peripherals/unit7_lesson4_Ext-Interrupt/Drivers/Stm32_F103C6_Drivers/inc" -O0 -ffunction-sections -fdata-sections -Wall -fstack-usage -MMD -MP -MF"Stm32_F103C6_Drivers/Stm32_F103C6_EXTI_Driver.d" -MT"Stm32_F103C6_Drivers/Stm32_F103C6_EXTI_Driver.o" --specs=nano.specs -mfloat-abi=soft -mthumb -o "Stm32_F103C6_Drivers/Stm32_F103C6_EXTI_Driver.o"
In file included from ../Stm32_F103C6_Drivers/Stm32_F103C6_EXTI_Driver.c:9:
B:/Embedded_Systems_Online_Diploma/Unit_7_Essential_Peripherals/unit7_lesson4_Ext-Interrupt/Drivers/Stm32_F103C6_Drivers/inc/Stm32_F103C6_EXTI_Driver.h:182: warning: "EXTI_IRQ_Enable" redefined
  182 | #define EXTI_IRQ_Enable     0
      | 
B:/Embedded_Systems_Online_Diploma/Unit_7_Essential_Peripherals/unit7_lesson4_Ext-Interrupt/Drivers/Stm32_F103C6_Drivers/inc/Stm32_F103C6_EXTI_Driver.h:181: note: this is the location of the previous definition
  181 | #define EXTI_IRQ_Enable     1
      | 
../Stm32_F103C6_Drivers/Stm32_F103C6_EXTI_Driver.c: In function 'Update_EXTI':
../Stm32_F103C6_Drivers/Stm32_F103C6_EXTI_Driver.c:26:19: warning: variable 'PinCfg' set but not used [-Wunused-but-set-variable]
   26 |  GPIO_PinConfig_t PinCfg;
      |                   ^~~~~~
arm-none-eabi-gcc -gdwarf-2 -o "Drivers.elf" @"objects.list"   -mcpu=cortex-m3 -T"B:\Embedded_Systems_Online_Diploma\Unit_7_Essential_Peripherals\unit7_lesson4_Ext-Interrupt\Drivers\STM32F103C6TX_FLASH.ld" --specs=nosys.specs -Wl,-Map="Drivers.map" -Wl,--gc-sections -static --specs=nano.specs -mfloat-abi=soft -mthumb -Wl,--start-group -lc -lm -Wl,--end-group
Finished building target: Drivers.elf
 
arm-none-eabi-size   Drivers.elf 
arm-none-eabi-objdump -h -S  Drivers.elf  > "Drivers.list"
   text	   data	    bss	    dec	    hex	filename
   1552	      8	   1568	   3128	    c38	Drivers.elf
Finished building: default.size.stdout
 
Finished building: Drivers.list
 
08:34:15 **** Incremental Build of configuration Debug for project Drivers ****
make -j4 all 
arm-none-eabi-size   Drivers.elf 
   text	   data	    bss	    dec	    hex	filename
   1552	      8	   1568	   3128	    c38	Drivers.elf
Finished building: default.size.stdout
 
08:58:33 **** Incremental Build of configuration Debug for project Drivers ****
make -j4 all 
arm-none-eabi-gcc -gdwarf-2 "../Stm32_F103C6_Drivers/GPIO/Stm32_F103C6_GPIO_Driver.c" -mcpu=cortex-m3 -std=gnu11 -g3 -DDEBUG -DSTM32 -DSTM32F1 -DSTM32F103C6Tx -c -I../Inc -I"B:/Embedded_Systems_Online_Diploma/Unit_7_Essential_Peripherals/unit7_lesson4_Ext-Interrupt/Drivers/Stm32_F103C6_Drivers/inc" -O0 -ffunction-sections -fdata-sections -Wall -fstack-usage -MMD -MP -MF"Stm32_F103C6_Drivers/GPIO/Stm32_F103C6_GPIO_Driver.d" -MT"Stm32_F103C6_Drivers/GPIO/Stm32_F103C6_GPIO_Driver.o" --specs=nano.specs -mfloat-abi=soft -mthumb -o "Stm32_F103C6_Drivers/GPIO/Stm32_F103C6_GPIO_Driver.o"
arm-none-eabi-gcc -gdwarf-2 "../Stm32_F103C6_Drivers/Stm32_F103C6_EXTI_Driver.c" -mcpu=cortex-m3 -std=gnu11 -g3 -DDEBUG -DSTM32 -DSTM32F1 -DSTM32F103C6Tx -c -I../Inc -I"B:/Embedded_Systems_Online_Diploma/Unit_7_Essential_Peripherals/unit7_lesson4_Ext-Interrupt/Drivers/Stm32_F103C6_Drivers/inc" -O0 -ffunction-sections -fdata-sections -Wall -fstack-usage -MMD -MP -MF"Stm32_F103C6_Drivers/Stm32_F103C6_EXTI_Driver.d" -MT"Stm32_F103C6_Drivers/Stm32_F103C6_EXTI_Driver.o" --specs=nano.specs -mfloat-abi=soft -mthumb -o "Stm32_F103C6_Drivers/Stm32_F103C6_EXTI_Driver.o"
arm-none-eabi-gcc -gdwarf-2 "../Src/main.c" -mcpu=cortex-m3 -std=gnu11 -g3 -DDEBUG -DSTM32 -DSTM32F1 -DSTM32F103C6Tx -c -I../Inc -I"B:/Embedded_Systems_Online_Diploma/Unit_7_Essential_Peripherals/unit7_lesson4_Ext-Interrupt/Drivers/Stm32_F103C6_Drivers/inc" -O0 -ffunction-sections -fdata-sections -Wall -fstack-usage -MMD -MP -MF"Src/main.d" -MT"Src/main.o" --specs=nano.specs -mfloat-abi=soft -mthumb -o "Src/main.o"
In file included from ../Src/main.c:20:
B:/Embedded_Systems_Online_Diploma/Unit_7_Essential_Peripherals/unit7_lesson4_Ext-Interrupt/Drivers/Stm32_F103C6_Drivers/inc/Stm32_F103C6_EXTI_Driver.h:182: warning: "EXTI_IRQ_Enable" redefined
  182 | #define EXTI_IRQ_Enable     0
      | 
B:/Embedded_Systems_Online_Diploma/Unit_7_Essential_Peripherals/unit7_lesson4_Ext-Interrupt/Drivers/Stm32_F103C6_Drivers/inc/Stm32_F103C6_EXTI_Driver.h:181: note: this is the location of the previous definition
  181 | #define EXTI_IRQ_Enable     1
      | 
In file included from ../Stm32_F103C6_Drivers/Stm32_F103C6_EXTI_Driver.c:9:
B:/Embedded_Systems_Online_Diploma/Unit_7_Essential_Peripherals/unit7_lesson4_Ext-Interrupt/Drivers/Stm32_F103C6_Drivers/inc/Stm32_F103C6_EXTI_Driver.h:182: warning: "EXTI_IRQ_Enable" redefined
  182 | #define EXTI_IRQ_Enable     0
      | 
B:/Embedded_Systems_Online_Diploma/Unit_7_Essential_Peripherals/unit7_lesson4_Ext-Interrupt/Drivers/Stm32_F103C6_Drivers/inc/Stm32_F103C6_EXTI_Driver.h:181: note: this is the location of the previous definition
  181 | #define EXTI_IRQ_Enable     1
      | 
../Stm32_F103C6_Drivers/Stm32_F103C6_EXTI_Driver.c: In function 'Update_EXTI':
../Stm32_F103C6_Drivers/Stm32_F103C6_EXTI_Driver.c:39:38: error: expected expression before ')' token
   39 |  AFIO->EXTICR[AFIO_EXICR_Index] |= (())
      |                                      ^
../Stm32_F103C6_Drivers/Stm32_F103C6_EXTI_Driver.c:29:19: warning: variable 'PinCfg' set but not used [-Wunused-but-set-variable]
   29 |  GPIO_PinConfig_t PinCfg;
      |                   ^~~~~~
make: *** [Stm32_F103C6_Drivers/subdir.mk:19: Stm32_F103C6_Drivers/Stm32_F103C6_EXTI_Driver.o] Error 1
make: *** Waiting for unfinished jobs....
"make -j4 all" terminated with exit code 2. Build might be incomplete.
09:00:00 **** Incremental Build of configuration Debug for project Drivers ****
make -j4 all 
arm-none-eabi-gcc -gdwarf-2 "../Stm32_F103C6_Drivers/Stm32_F103C6_EXTI_Driver.c" -mcpu=cortex-m3 -std=gnu11 -g3 -DDEBUG -DSTM32 -DSTM32F1 -DSTM32F103C6Tx -c -I../Inc -I"B:/Embedded_Systems_Online_Diploma/Unit_7_Essential_Peripherals/unit7_lesson4_Ext-Interrupt/Drivers/Stm32_F103C6_Drivers/inc" -O0 -ffunction-sections -fdata-sections -Wall -fstack-usage -MMD -MP -MF"Stm32_F103C6_Drivers/Stm32_F103C6_EXTI_Driver.d" -MT"Stm32_F103C6_Drivers/Stm32_F103C6_EXTI_Driver.o" --specs=nano.specs -mfloat-abi=soft -mthumb -o "Stm32_F103C6_Drivers/Stm32_F103C6_EXTI_Driver.o"
In file included from ../Stm32_F103C6_Drivers/Stm32_F103C6_EXTI_Driver.c:9:
B:/Embedded_Systems_Online_Diploma/Unit_7_Essential_Peripherals/unit7_lesson4_Ext-Interrupt/Drivers/Stm32_F103C6_Drivers/inc/Stm32_F103C6_EXTI_Driver.h:182: warning: "EXTI_IRQ_Enable" redefined
  182 | #define EXTI_IRQ_Enable     0
      | 
B:/Embedded_Systems_Online_Diploma/Unit_7_Essential_Peripherals/unit7_lesson4_Ext-Interrupt/Drivers/Stm32_F103C6_Drivers/inc/Stm32_F103C6_EXTI_Driver.h:181: note: this is the location of the previous definition
  181 | #define EXTI_IRQ_Enable     1
      | 
../Stm32_F103C6_Drivers/Stm32_F103C6_EXTI_Driver.c: In function 'Update_EXTI':
../Stm32_F103C6_Drivers/Stm32_F103C6_EXTI_Driver.c:29:19: warning: variable 'PinCfg' set but not used [-Wunused-but-set-variable]
   29 |  GPIO_PinConfig_t PinCfg;
      |                   ^~~~~~
arm-none-eabi-gcc -gdwarf-2 -o "Drivers.elf" @"objects.list"   -mcpu=cortex-m3 -T"B:\Embedded_Systems_Online_Diploma\Unit_7_Essential_Peripherals\unit7_lesson4_Ext-Interrupt\Drivers\STM32F103C6TX_FLASH.ld" --specs=nosys.specs -Wl,-Map="Drivers.map" -Wl,--gc-sections -static --specs=nano.specs -mfloat-abi=soft -mthumb -Wl,--start-group -lc -lm -Wl,--end-group
Finished building target: Drivers.elf
 
arm-none-eabi-size   Drivers.elf 
arm-none-eabi-objdump -h -S  Drivers.elf  > "Drivers.list"
   text	   data	    bss	    dec	    hex	filename
   1552	      8	   1568	   3128	    c38	Drivers.elf
Finished building: default.size.stdout
 
Finished building: Drivers.list
 
