
Memory Configuration

Name             Origin             Length             Attributes
flash            0x08000000         0x00020000         xr
sram             0x20000000         0x00005000         xrw
*default*        0x00000000         0xffffffff

Linker script and memory map


.text           0x08000000      0x104
 *(.vectors*)
 .vectors       0x08000000       0x50 startp.o
 *(.text*)
 .text          0x08000050       0xa8 main.o
                0x08000050                main
 .text          0x080000f8        0x8 startp.o
 *(.rodata)
 .rodata        0x08000100        0x4 main.o
                0x08000100                const_variables

.glue_7         0x08000104        0x0
 .glue_7        0x00000000        0x0 linker stubs

.glue_7t        0x08000104        0x0
 .glue_7t       0x00000000        0x0 linker stubs

.vfp11_veneer   0x08000104        0x0
 .vfp11_veneer  0x00000000        0x0 linker stubs

.v4_bx          0x08000104        0x0
 .v4_bx         0x00000000        0x0 linker stubs

.iplt           0x08000104        0x0
 .iplt          0x00000000        0x0 main.o

.rel.dyn        0x08000104        0x0
 .rel.iplt      0x00000000        0x0 main.o

.data           0x08000104        0x8
 *(.data)
 .data          0x08000104        0x8 main.o
                0x08000104                R_ODR
                0x08000108                g_variables
 .data          0x0800010c        0x0 startp.o

.igot.plt       0x0800010c        0x0
 .igot.plt      0x00000000        0x0 main.o

.bss            0x20000000        0x0
 *(.bss)
 .bss           0x20000000        0x0 main.o
 .bss           0x20000000        0x0 startp.o
LOAD main.o
LOAD startp.o
OUTPUT(learn_in_depth_cortex_m3.elf elf32-littlearm)

.debug_info     0x00000000      0x1e3
 .debug_info    0x00000000      0x164 main.o
 .debug_info    0x00000164       0x7f startp.o

.debug_abbrev   0x00000000       0xf9
 .debug_abbrev  0x00000000       0xe5 main.o
 .debug_abbrev  0x000000e5       0x14 startp.o

.debug_loc      0x00000000       0x38
 .debug_loc     0x00000000       0x38 main.o

.debug_aranges  0x00000000       0x40
 .debug_aranges
                0x00000000       0x20 main.o
 .debug_aranges
                0x00000020       0x20 startp.o

.debug_line     0x00000000       0xd5
 .debug_line    0x00000000       0x9b main.o
 .debug_line    0x0000009b       0x3a startp.o

.debug_str      0x00000000      0x10c
 .debug_str     0x00000000      0x10c main.o
                                0x149 (size before relaxing)

.comment        0x00000000       0x11
 .comment       0x00000000       0x11 main.o
                                 0x12 (size before relaxing)

.ARM.attributes
                0x00000000       0x31
 .ARM.attributes
                0x00000000       0x33 main.o
 .ARM.attributes
                0x00000033       0x21 startp.o

.debug_frame    0x00000000       0x2c
 .debug_frame   0x00000000       0x2c main.o
