
Memory Configuration

Name             Origin             Length             Attributes
flash            0x08000000         0x00020000         xr
sram             0x20000000         0x00005000         xrw
*default*        0x00000000         0xffffffff

Linker script and memory map


.text           0x08000000      0x19c
 *(.vectors*)
 .vectors       0x08000000       0x1c startup.o
                0x08000000                vectors
 *(.text*)
 .text          0x0800001c       0xbc startup.o
                0x0800001c                Usage_Fault_Handler
                0x0800001c                Default_Handler
                0x0800001c                H_fault_Handler
                0x0800001c                NM_Fault_Handler
                0x08000028                Reset_Handler
 .text          0x080000d8       0xc0 main.o
                0x080000d8                NMI_Handler
                0x080000e4                Bus_Fault_Handler
                0x080000f0                main
 *(.rodata)
 .rodata        0x08000198        0x4 main.o
                0x08000198                const_variables
                0x0800019c                _E_text = .

.glue_7         0x0800019c        0x0
 .glue_7        0x00000000        0x0 linker stubs

.glue_7t        0x0800019c        0x0
 .glue_7t       0x00000000        0x0 linker stubs

.vfp11_veneer   0x0800019c        0x0
 .vfp11_veneer  0x00000000        0x0 linker stubs

.v4_bx          0x0800019c        0x0
 .v4_bx         0x00000000        0x0 linker stubs

.iplt           0x0800019c        0x0
 .iplt          0x00000000        0x0 startup.o

.rel.dyn        0x0800019c        0x0
 .rel.iplt      0x00000000        0x0 startup.o

.data           0x20000000        0x8 load address 0x0800019c
                0x20000000                _S_DATA = .
 *(.data)
 .data          0x20000000        0x0 startup.o
 .data          0x20000000        0x8 main.o
                0x20000000                R_ODR
                0x20000004                g_variables
                0x20000008                _E_DATA = .

.igot.plt       0x20000008        0x0 load address 0x080001a4
 .igot.plt      0x00000000        0x0 startup.o

.bss            0x20000008     0x1000 load address 0x080001a4
                0x20000008                _S_bss = .
 *(.bss)
 .bss           0x20000008        0x0 startup.o
 .bss           0x20000008        0x0 main.o
                0x20000008                . = ALIGN (0x4)
                0x20000008                _E_bss = .
                0x20000008                . = ALIGN (0x4)
                0x20001008                . = (. + 0x1000)
 *fill*         0x20000008     0x1000 
                0x20001008                _stack_top = .
LOAD startup.o
LOAD main.o
OUTPUT(learn_in_depth_cortex_m3.elf elf32-littlearm)

.debug_info     0x00000000      0x2f8
 .debug_info    0x00000000      0x168 startup.o
 .debug_info    0x00000168      0x190 main.o

.debug_abbrev   0x00000000      0x1bf
 .debug_abbrev  0x00000000       0xc2 startup.o
 .debug_abbrev  0x000000c2       0xfd main.o

.debug_loc      0x00000000       0xf4
 .debug_loc     0x00000000       0x64 startup.o
 .debug_loc     0x00000064       0x90 main.o

.debug_aranges  0x00000000       0x40
 .debug_aranges
                0x00000000       0x20 startup.o
 .debug_aranges
                0x00000020       0x20 main.o

.debug_line     0x00000000      0x14e
 .debug_line    0x00000000       0xad startup.o
 .debug_line    0x000000ad       0xa1 main.o

.debug_str      0x00000000      0x1ac
 .debug_str     0x00000000      0x135 startup.o
                                0x172 (size before relaxing)
 .debug_str     0x00000135       0x77 main.o
                                0x169 (size before relaxing)

.comment        0x00000000       0x11
 .comment       0x00000000       0x11 startup.o
                                 0x12 (size before relaxing)
 .comment       0x00000000       0x12 main.o

.ARM.attributes
                0x00000000       0x33
 .ARM.attributes
                0x00000000       0x33 startup.o
 .ARM.attributes
                0x00000033       0x33 main.o

.debug_frame    0x00000000       0xa4
 .debug_frame   0x00000000       0x48 startup.o
 .debug_frame   0x00000048       0x5c main.o
