Archive member included to satisfy reference by file (symbol)

C:/ST/STM32CubeIDE_1.4.0/STM32CubeIDE/plugins/com.st.stm32cube.ide.mcu.externaltools.gnu-tools-for-stm32.11.3.rel1.win32_1.1.100.202309141235/tools/bin/../lib/gcc/arm-none-eabi/11.3.1/../../../../arm-none-eabi/lib/thumb/v7-m/nofp\libc_nano.a(libc_a-exit.o)
                              C:/ST/STM32CubeIDE_1.4.0/STM32CubeIDE/plugins/com.st.stm32cube.ide.mcu.externaltools.gnu-tools-for-stm32.11.3.rel1.win32_1.1.100.202309141235/tools/bin/../lib/gcc/arm-none-eabi/11.3.1/../../../../arm-none-eabi/lib/thumb/v7-m/nofp/crt0.o (exit)
C:/ST/STM32CubeIDE_1.4.0/STM32CubeIDE/plugins/com.st.stm32cube.ide.mcu.externaltools.gnu-tools-for-stm32.11.3.rel1.win32_1.1.100.202309141235/tools/bin/../lib/gcc/arm-none-eabi/11.3.1/../../../../arm-none-eabi/lib/thumb/v7-m/nofp\libc_nano.a(libc_a-findfp.o)
                              C:/ST/STM32CubeIDE_1.4.0/STM32CubeIDE/plugins/com.st.stm32cube.ide.mcu.externaltools.gnu-tools-for-stm32.11.3.rel1.win32_1.1.100.202309141235/tools/bin/../lib/gcc/arm-none-eabi/11.3.1/../../../../arm-none-eabi/lib/thumb/v7-m/nofp\libc_nano.a(libc_a-exit.o) (__stdio_exit_handler)
C:/ST/STM32CubeIDE_1.4.0/STM32CubeIDE/plugins/com.st.stm32cube.ide.mcu.externaltools.gnu-tools-for-stm32.11.3.rel1.win32_1.1.100.202309141235/tools/bin/../lib/gcc/arm-none-eabi/11.3.1/../../../../arm-none-eabi/lib/thumb/v7-m/nofp\libc_nano.a(libc_a-fwalk.o)
                              C:/ST/STM32CubeIDE_1.4.0/STM32CubeIDE/plugins/com.st.stm32cube.ide.mcu.externaltools.gnu-tools-for-stm32.11.3.rel1.win32_1.1.100.202309141235/tools/bin/../lib/gcc/arm-none-eabi/11.3.1/../../../../arm-none-eabi/lib/thumb/v7-m/nofp\libc_nano.a(libc_a-findfp.o) (_fwalk_sglue)
C:/ST/STM32CubeIDE_1.4.0/STM32CubeIDE/plugins/com.st.stm32cube.ide.mcu.externaltools.gnu-tools-for-stm32.11.3.rel1.win32_1.1.100.202309141235/tools/bin/../lib/gcc/arm-none-eabi/11.3.1/../../../../arm-none-eabi/lib/thumb/v7-m/nofp\libc_nano.a(libc_a-stdio.o)
                              C:/ST/STM32CubeIDE_1.4.0/STM32CubeIDE/plugins/com.st.stm32cube.ide.mcu.externaltools.gnu-tools-for-stm32.11.3.rel1.win32_1.1.100.202309141235/tools/bin/../lib/gcc/arm-none-eabi/11.3.1/../../../../arm-none-eabi/lib/thumb/v7-m/nofp\libc_nano.a(libc_a-findfp.o) (__sread)
C:/ST/STM32CubeIDE_1.4.0/STM32CubeIDE/plugins/com.st.stm32cube.ide.mcu.externaltools.gnu-tools-for-stm32.11.3.rel1.win32_1.1.100.202309141235/tools/bin/../lib/gcc/arm-none-eabi/11.3.1/../../../../arm-none-eabi/lib/thumb/v7-m/nofp\libc_nano.a(libc_a-memset.o)
                              C:/ST/STM32CubeIDE_1.4.0/STM32CubeIDE/plugins/com.st.stm32cube.ide.mcu.externaltools.gnu-tools-for-stm32.11.3.rel1.win32_1.1.100.202309141235/tools/bin/../lib/gcc/arm-none-eabi/11.3.1/../../../../arm-none-eabi/lib/thumb/v7-m/nofp/crt0.o (memset)
C:/ST/STM32CubeIDE_1.4.0/STM32CubeIDE/plugins/com.st.stm32cube.ide.mcu.externaltools.gnu-tools-for-stm32.11.3.rel1.win32_1.1.100.202309141235/tools/bin/../lib/gcc/arm-none-eabi/11.3.1/../../../../arm-none-eabi/lib/thumb/v7-m/nofp\libc_nano.a(libc_a-closer.o)
                              C:/ST/STM32CubeIDE_1.4.0/STM32CubeIDE/plugins/com.st.stm32cube.ide.mcu.externaltools.gnu-tools-for-stm32.11.3.rel1.win32_1.1.100.202309141235/tools/bin/../lib/gcc/arm-none-eabi/11.3.1/../../../../arm-none-eabi/lib/thumb/v7-m/nofp\libc_nano.a(libc_a-stdio.o) (_close_r)
C:/ST/STM32CubeIDE_1.4.0/STM32CubeIDE/plugins/com.st.stm32cube.ide.mcu.externaltools.gnu-tools-for-stm32.11.3.rel1.win32_1.1.100.202309141235/tools/bin/../lib/gcc/arm-none-eabi/11.3.1/../../../../arm-none-eabi/lib/thumb/v7-m/nofp\libc_nano.a(libc_a-reent.o)
                              C:/ST/STM32CubeIDE_1.4.0/STM32CubeIDE/plugins/com.st.stm32cube.ide.mcu.externaltools.gnu-tools-for-stm32.11.3.rel1.win32_1.1.100.202309141235/tools/bin/../lib/gcc/arm-none-eabi/11.3.1/../../../../arm-none-eabi/lib/thumb/v7-m/nofp\libc_nano.a(libc_a-closer.o) (errno)
C:/ST/STM32CubeIDE_1.4.0/STM32CubeIDE/plugins/com.st.stm32cube.ide.mcu.externaltools.gnu-tools-for-stm32.11.3.rel1.win32_1.1.100.202309141235/tools/bin/../lib/gcc/arm-none-eabi/11.3.1/../../../../arm-none-eabi/lib/thumb/v7-m/nofp\libc_nano.a(libc_a-impure.o)
                              C:/ST/STM32CubeIDE_1.4.0/STM32CubeIDE/plugins/com.st.stm32cube.ide.mcu.externaltools.gnu-tools-for-stm32.11.3.rel1.win32_1.1.100.202309141235/tools/bin/../lib/gcc/arm-none-eabi/11.3.1/../../../../arm-none-eabi/lib/thumb/v7-m/nofp\libc_nano.a(libc_a-reent.o) (_impure_ptr)
C:/ST/STM32CubeIDE_1.4.0/STM32CubeIDE/plugins/com.st.stm32cube.ide.mcu.externaltools.gnu-tools-for-stm32.11.3.rel1.win32_1.1.100.202309141235/tools/bin/../lib/gcc/arm-none-eabi/11.3.1/../../../../arm-none-eabi/lib/thumb/v7-m/nofp\libc_nano.a(libc_a-lseekr.o)
[...]
Memory Configuration

Name             Origin             Length             Attributes
RAM              0x0000000020000000 0x0000000000002800 xrw
FLASH            0x0000000008000000 0x0000000000008000 xr
*default*        0x0000000000000000 0xffffffffffffffff

Linker script and memory map

LOAD C:/ST/STM32CubeIDE_1.4.0/STM32CubeIDE/plugins/com.st.stm32cube.ide.mcu.externaltools.gnu-tools-for-stm32.11.3.rel1.win32_1.1.100.202309141235/tools/bin/../lib/gcc/arm-none-eabi/11.3.1/thumb/v7-m/nofp/crti.o
LOAD C:/ST/STM32CubeIDE_1.4.0/STM32CubeIDE/plugins/com.st.stm32cube.ide.mcu.externaltools.gnu-tools-for-stm32.11.3.rel1.win32_1.1.100.202309141235/tools/bin/../lib/gcc/arm-none-eabi/11.3.1/thumb/v7-m/nofp/crtbegin.o
LOAD C:/ST/STM32CubeIDE_1.4.0/STM32CubeIDE/plugins/com.st.stm32cube.ide.mcu.externaltools.gnu-tools-for-stm32.11.3.rel1.win32_1.1.100.202309141235/tools/bin/../lib/gcc/arm-none-eabi/11.3.1/../../../../arm-none-eabi/lib/thumb/v7-m/nofp/crt0.o
LOAD ./HAL/_7segment.o
LOAD ./HAL/keypad.o
LOAD ./HAL/lcd.o
LOAD ./MCAL/stm32f103x8_EXTI_driver.o
LOAD ./MCAL/stm32f103x8_RCC_driver.o
LOAD ./MCAL/stm32f103x8_USART_driver.o
LOAD ./MCAL/stm32f103x8_gpio_driver.o
LOAD ./Src/main.o
LOAD ./Src/syscalls.o
LOAD ./Src/sysmem.o
LOAD ./Startup/startup_stm32f103c6tx.o
START GROUP
LOAD C:/ST/STM32CubeIDE_1.4.0/STM32CubeIDE/plugins/com.st.stm32cube.ide.mcu.externaltools.gnu-tools-for-stm32.11.3.rel1.win32_1.1.100.202309141235/tools/bin/../lib/gcc/arm-none-eabi/11.3.1/../../../../arm-none-eabi/lib/thumb/v7-m/nofp\libc_nano.a
LOAD C:/ST/STM32CubeIDE_1.4.0/STM32CubeIDE/plugins/com.st.stm32cube.ide.mcu.externaltools.gnu-tools-for-stm32.11.3.rel1.win32_1.1.100.202309141235/tools/bin/../lib/gcc/arm-none-eabi/11.3.1/../../../../arm-none-eabi/lib/thumb/v7-m/nofp\libm.a
END GROUP
START GROUP
LOAD C:/ST/STM32CubeIDE_1.4.0/STM32CubeIDE/plugins/com.st.stm32cube.ide.mcu.externaltools.gnu-tools-for-stm32.11.3.rel1.win32_1.1.100.202309141235/tools/bin/../lib/gcc/arm-none-eabi/11.3.1/thumb/v7-m/nofp\libgcc.a
LOAD C:/ST/STM32CubeIDE_1.4.0/STM32CubeIDE/plugins/com.st.stm32cube.ide.mcu.externaltools.gnu-tools-for-stm32.11.3.rel1.win32_1.1.100.202309141235/tools/bin/../lib/gcc/arm-none-eabi/11.3.1/../../../../arm-none-eabi/lib/thumb/v7-m/nofp\libg_nano.a
LOAD C:/ST/STM32CubeIDE_1.4.0/STM32CubeIDE/plugins/com.st.stm32cube.ide.mcu.externaltools.gnu-tools-for-stm32.11.3.rel1.win32_1.1.100.202309141235/tools/bin/../lib/gcc/arm-none-eabi/11.3.1/../../../../arm-none-eabi/lib/thumb/v7-m/nofp\libc_nano.a
END GROUP
START GROUP
LOAD C:/ST/STM32CubeIDE_1.4.0/STM32CubeIDE/plugins/com.st.stm32cube.ide.mcu.externaltools.gnu-tools-for-stm32.11.3.rel1.win32_1.1.100.202309141235/tools/bin/../lib/gcc/arm-none-eabi/11.3.1/thumb/v7-m/nofp\libgcc.a
LOAD C:/ST/STM32CubeIDE_1.4.0/STM32CubeIDE/plugins/com.st.stm32cube.ide.mcu.externaltools.gnu-tools-for-stm32.11.3.rel1.win32_1.1.100.202309141235/tools/bin/../lib/gcc/arm-none-eabi/11.3.1/../../../../arm-none-eabi/lib/thumb/v7-m/nofp\libc_nano.a
LOAD C:/ST/STM32CubeIDE_1.4.0/STM32CubeIDE/plugins/com.st.stm32cube.ide.mcu.externaltools.gnu-tools-for-stm32.11.3.rel1.win32_1.1.100.202309141235/tools/bin/../lib/gcc/arm-none-eabi/11.3.1/../../../../arm-none-eabi/lib/thumb/v7-m/nofp\libnosys.a
END GROUP
START GROUP
LOAD C:/ST/STM32CubeIDE_1.4.0/STM32CubeIDE/plugins/com.st.stm32cube.ide.mcu.externaltools.gnu-tools-for-stm32.11.3.rel1.win32_1.1.100.202309141235/tools/bin/../lib/gcc/arm-none-eabi/11.3.1/thumb/v7-m/nofp\libgcc.a
LOAD C:/ST/STM32CubeIDE_1.4.0/STM32CubeIDE/plugins/com.st.stm32cube.ide.mcu.externaltools.gnu-tools-for-stm32.11.3.rel1.win32_1.1.100.202309141235/tools/bin/../lib/gcc/arm-none-eabi/11.3.1/../../../../arm-none-eabi/lib/thumb/v7-m/nofp\libc_nano.a
LOAD C:/ST/STM32CubeIDE_1.4.0/STM32CubeIDE/plugins/com.st.stm32cube.ide.mcu.externaltools.gnu-tools-for-stm32.11.3.rel1.win32_1.1.100.202309141235/tools/bin/../lib/gcc/arm-none-eabi/11.3.1/../../../../arm-none-eabi/lib/thumb/v7-m/nofp\libnosys.a
END GROUP
LOAD C:/ST/STM32CubeIDE_1.4.0/STM32CubeIDE/plugins/com.st.stm32cube.ide.mcu.externaltools.gnu-tools-for-stm32.11.3.rel1.win32_1.1.100.202309141235/tools/bin/../lib/gcc/arm-none-eabi/11.3.1/thumb/v7-m/nofp/crtend.o
LOAD C:/ST/STM32CubeIDE_1.4.0/STM32CubeIDE/plugins/com.st.stm32cube.ide.mcu.externaltools.gnu-tools-for-stm32.11.3.rel1.win32_1.1.100.202309141235/tools/bin/../lib/gcc/arm-none-eabi/11.3.1/thumb/v7-m/nofp/crtn.o
                0x0000000020002800                _estack = (ORIGIN (RAM) + LENGTH (RAM))
                0x0000000000000200                _Min_Heap_Size = 0x200
                0x0000000000000400                _Min_Stack_Size = 0x400

.isr_vector     0x0000000008000000      0x130
                0x0000000008000000                . = ALIGN (0x4)
 *(.isr_vector)
 .isr_vector    0x0000000008000000      0x130 ./Startup/startup_stm32f103c6tx.o
                0x0000000008000000                g_pfnVectors
                0x0000000008000130                . = ALIGN (0x4)

.text           0x0000000008000130      0xa48
                0x0000000008000130                . = ALIGN (0x4)
 *(.text)
 .text          0x0000000008000130       0x40 C:/ST/STM32CubeIDE_1.4.0/STM32CubeIDE/plugins/com.st.stm32cube.ide.mcu.externaltools.gnu-tools-for-stm32.11.3.rel1.win32_1.1.100.202309141235/tools/bin/../lib/gcc/arm-none-eabi/11.3.1/thumb/v7-m/nofp/crtbegin.o
 *(.text*)
 .text.EXTI0_IRQHandler
                0x0000000008000170       0x24 ./MCAL/stm32f103x8_EXTI_driver.o
                0x0000000008000170                EXTI0_IRQHandler
 .text.EXTI1_IRQHandler
                0x0000000008000194       0x24 ./MCAL/stm32f103x8_EXTI_driver.o
                0x0000000008000194                EXTI1_IRQHandler
 .text.EXTI2_IRQHandler
                0x00000000080001b8       0x24 ./MCAL/stm32f103x8_EXTI_driver.o
                0x00000000080001b8                EXTI2_IRQHandler
 .text.EXTI3_IRQHandler
                0x00000000080001dc       0x24 ./MCAL/stm32f103x8_EXTI_driver.o
                0x00000000080001dc                EXTI3_IRQHandler
 .text.EXTI4_IRQHandler
                0x0000000008000200       0x24 ./MCAL/stm32f103x8_EXTI_driver.o
                0x0000000008000200                EXTI4_IRQHandler
 .text.EXTI9_5_IRQHandler
                0x0000000008000224       0xa8 ./MCAL/stm32f103x8_EXTI_driver.o
                0x0000000008000224                EXTI9_5_IRQHandler
 .text.EXTI15_10_IRQHandler
                0x00000000080002cc       0xc4 ./MCAL/stm32f103x8_EXTI_driver.o
                0x00000000080002cc                EXTI15_10_IRQHandler
 .text.MCAL_RCC_GetSYS_CLCKFreq
                0x0000000008000390       0x40 ./MCAL/stm32f103x8_RCC_driver.o
                0x0000000008000390                MCAL_RCC_GetSYS_CLCKFreq
 .text.MCAL_RCC_GetHCLKFreq
                0x00000000080003d0       0x28 ./MCAL/stm32f103x8_RCC_driver.o
                0x00000000080003d0                MCAL_RCC_GetHCLKFreq
 .text.MCAL_RCC_GetPCLK1Freq
                0x00000000080003f8       0x28 ./MCAL/stm32f103x8_RCC_driver.o
                0x00000000080003f8                MCAL_RCC_GetPCLK1Freq
 .text.MCAL_RCC_GetPCLK2Freq
                0x0000000008000420       0x28 ./MCAL/stm32f103x8_RCC_driver.o
                0x0000000008000420                MCAL_RCC_GetPCLK2Freq
 .text.MCAL_UART_Init
                0x0000000008000448      0x184 ./MCAL/stm32f103x8_USART_driver.o
                0x0000000008000448                MCAL_UART_Init
 .text.MCAL_UART_SendData
                0x00000000080005cc       0x36 ./MCAL/stm32f103x8_USART_driver.o
                0x00000000080005cc                MCAL_UART_SendData
 *fill*         0x0000000008000602        0x2 
 .text.MCAL_UART_ReceiveData
                0x0000000008000604       0x5c ./MCAL/stm32f103x8_USART_driver.o
                0x0000000008000604                MCAL_UART_ReceiveData
 .text.MCAL_UART_GPIO_Set_Pins
                0x0000000008000660       0xcc ./MCAL/stm32f103x8_USART_driver.o
                0x0000000008000660                MCAL_UART_GPIO_Set_Pins
 .text.USART1_IRQHandler
                0x000000000800072c       0x14 ./MCAL/stm32f103x8_USART_driver.o
                0x000000000800072c                USART1_IRQHandler
 .text.USART2_IRQHandler
                0x0000000008000740       0x14 ./MCAL/stm32f103x8_USART_driver.o
                0x0000000008000740                USART2_IRQHandler
 .text.USART3_IRQHandler
                0x0000000008000754       0x14 ./MCAL/stm32f103x8_USART_driver.o
                0x0000000008000754                USART3_IRQHandler
 .text.Get_CRLH_Position
                0x0000000008000768      0x170 ./MCAL/stm32f103x8_gpio_driver.o
                0x0000000008000768                Get_CRLH_Position
 .text.MCAL_GPIO_Init
                0x00000000080008d8      0x154 ./MCAL/stm32f103x8_gpio_driver.o
                0x00000000080008d8                MCAL_GPIO_Init
 .text.UART_IRQ_Callback
                0x0000000008000a2c       0x2c ./Src/main.o
                0x0000000008000a2c                UART_IRQ_Callback
 .text.main     0x0000000008000a58       0x6c ./Src/main.o
                0x0000000008000a58                main
 .text.Reset_Handler
                0x0000000008000ac4       0x50 ./Startup/startup_stm32f103c6tx.o
                0x0000000008000ac4                Reset_Handler
 .text.Default_Handler
                0x0000000008000b14        0x2 ./Startup/startup_stm32f103c6tx.o
                0x0000000008000b14                TIM8_TRG_COM_IRQHandler
                0x0000000008000b14                TIM8_CC_IRQHandler
                0x0000000008000b14                DebugMon_Handler
                0x0000000008000b14                TIM1_CC_IRQHandler
                0x0000000008000b14                HardFault_Handler
                0x0000000008000b14                TIM6_IRQHandler
                0x0000000008000b14                SysTick_Handler
                0x0000000008000b14                PVD_IRQHandler
                0x0000000008000b14                SDIO_IRQHandler
                0x0000000008000b14                PendSV_Handler
                0x0000000008000b14                NMI_Handler
                0x0000000008000b14                USB_HP_CAN_TX_IRQHandler
                0x0000000008000b14                I2C2_EV_IRQHandler
                0x0000000008000b14                UsageFault_Handler
                0x0000000008000b14                ADC1_2_IRQHandler
                0x0000000008000b14                SPI1_IRQHandler
                0x0000000008000b14                CAN_SCE_IRQHandler
                0x0000000008000b14                TAMPER_IRQHandler
                0x0000000008000b14                TIM8_UP_IRQHandler
                0x0000000008000b14                DMA2_Channel2_IRQHandler
                0x0000000008000b14                DMA1_Channel4_IRQHandler
                0x0000000008000b14                RTC_IRQHandler
                0x0000000008000b14                DMA1_Channel7_IRQHandler
                0x0000000008000b14                UART5_IRQHandler
                0x0000000008000b14                ADC3_IRQHandler
                0x0000000008000b14                TIM4_IRQHandler
                0x0000000008000b14                CAN_RX1_IRQHandler
                0x0000000008000b14                DMA2_Channel1_IRQHandler
                0x0000000008000b14                I2C1_EV_IRQHandler
                0x0000000008000b14                DMA1_Channel6_IRQHandler
                0x0000000008000b14                UART4_IRQHandler
                0x0000000008000b14                TIM3_IRQHandler
                0x0000000008000b14                RCC_IRQHandler
                0x0000000008000b14                TIM1_TRG_COM_IRQHandler
                0x0000000008000b14                DMA1_Channel1_IRQHandler
                0x0000000008000b14                Default_Handler
                0x0000000008000b14                TIM7_IRQHandler
                0x0000000008000b14                TIM5_IRQHandler
                0x0000000008000b14                SPI2_IRQHandler
                0x0000000008000b14                USB_LP_CAN_RX0_IRQHandler
                0x0000000008000b14                MemManage_Handler
                0x0000000008000b14                SVC_Handler
                0x0000000008000b14                DMA1_Channel5_IRQHandler
                0x0000000008000b14                DMA1_Channel3_IRQHandler
                0x0000000008000b14                FSMC_IRQHandler
                0x0000000008000b14                TIM1_UP_IRQHandler
                0x0000000008000b14                WWDG_IRQHandler
                0x0000000008000b14                TIM2_IRQHandler
                0x0000000008000b14                TIM1_BRK_IRQHandler
                0x0000000008000b14                RTCAlarm_IRQHandler
                0x0000000008000b14                DMA2_Channel4_5_IRQHandler
                0x0000000008000b14                I2C2_ER_IRQHandler
                0x0000000008000b14                DMA1_Channel2_IRQHandler
                0x0000000008000b14                TIM8_BRK_IRQHandler
                0x0000000008000b14                FLASH_IRQHandler
                0x0000000008000b14                BusFault_Handler
                0x0000000008000b14                SPI3_IRQHandler
                0x0000000008000b14                I2C1_ER_IRQHandler
                0x0000000008000b14                DMA2_Channel3_IRQHandler
 *fill*         0x0000000008000b16        0x2 
 .text.__libc_init_array
                0x0000000008000b18       0x48 C:/ST/STM32CubeIDE_1.4.0/STM32CubeIDE/plugins/com.st.stm32cube.ide.mcu.externaltools.gnu-tools-for-stm32.11.3.rel1.win32_1.1.100.202309141235/tools/bin/../lib/gcc/arm-none-eabi/11.3.1/../../../../arm-none-eabi/lib/thumb/v7-m/nofp\libc_nano.a(libc_a-init.o)
                0x0000000008000b18                __libc_init_array
 *(.glue_7)
 .glue_7        0x0000000008000b60        0x0 linker stubs
 *(.glue_7t)
 .glue_7t       0x0000000008000b60        0x0 linker stubs
 *(.eh_frame)
 .eh_frame      0x0000000008000b60        0x0 C:/ST/STM32CubeIDE_1.4.0/STM32CubeIDE/plugins/com.st.stm32cube.ide.mcu.externaltools.gnu-tools-for-stm32.11.3.rel1.win32_1.1.100.202309141235/tools/bin/../lib/gcc/arm-none-eabi/11.3.1/thumb/v7-m/nofp/crtbegin.o
 *(.init)
 .init          0x0000000008000b60        0x4 C:/ST/STM32CubeIDE_1.4.0/STM32CubeIDE/plugins/com.st.stm32cube.ide.mcu.externaltools.gnu-tools-for-stm32.11.3.rel1.win32_1.1.100.202309141235/tools/bin/../lib/gcc/arm-none-eabi/11.3.1/thumb/v7-m/nofp/crti.o
                0x0000000008000b60                _init
 .init          0x0000000008000b64        0x8 C:/ST/STM32CubeIDE_1.4.0/STM32CubeIDE/plugins/com.st.stm32cube.ide.mcu.externaltools.gnu-tools-for-stm32.11.3.rel1.win32_1.1.100.202309141235/tools/bin/../lib/gcc/arm-none-eabi/11.3.1/thumb/v7-m/nofp/crtn.o
 *(.fini)
 .fini          0x0000000008000b6c        0x4 C:/ST/STM32CubeIDE_1.4.0/STM32CubeIDE/plugins/com.st.stm32cube.ide.mcu.externaltools.gnu-tools-for-stm32.11.3.rel1.win32_1.1.100.202309141235/tools/bin/../lib/gcc/arm-none-eabi/11.3.1/thumb/v7-m/nofp/crti.o
                0x0000000008000b6c                _fini
 .fini          0x0000000008000b70        0x8 C:/ST/STM32CubeIDE_1.4.0/STM32CubeIDE/plugins/com.st.stm32cube.ide.mcu.externaltools.gnu-tools-for-stm32.11.3.rel1.win32_1.1.100.202309141235/tools/bin/../lib/gcc/arm-none-eabi/11.3.1/thumb/v7-m/nofp/crtn.o
                0x0000000008000b78                . = ALIGN (0x4)
                0x0000000008000b78                _etext = .

.vfp11_veneer   0x0000000008000b78        0x0
 .vfp11_veneer  0x0000000008000b78        0x0 linker stubs

.v4_bx          0x0000000008000b78        0x0
 .v4_bx         0x0000000008000b78        0x0 linker stubs

.iplt           0x0000000008000b78        0x0
 .iplt          0x0000000008000b78        0x0 C:/ST/STM32CubeIDE_1.4.0/STM32CubeIDE/plugins/com.st.stm32cube.ide.mcu.externaltools.gnu-tools-for-stm32.11.3.rel1.win32_1.1.100.202309141235/tools/bin/../lib/gcc/arm-none-eabi/11.3.1/thumb/v7-m/nofp/crtbegin.o

.rodata         0x0000000008000b78       0x18
                0x0000000008000b78                . = ALIGN (0x4)
 *(.rodata)
 *(.rodata*)
 .rodata.APBPrescTable
                0x0000000008000b78        0x8 ./MCAL/stm32f103x8_RCC_driver.o
                0x0000000008000b78                APBPrescTable
 .rodata.AHBPrescTable
                0x0000000008000b80       0x10 ./MCAL/stm32f103x8_RCC_driver.o
                0x0000000008000b80                AHBPrescTable
                0x0000000008000b90                . = ALIGN (0x4)

.rel.dyn        0x0000000008000b90        0x0
 .rel.iplt      0x0000000008000b90        0x0 C:/ST/STM32CubeIDE_1.4.0/STM32CubeIDE/plugins/com.st.stm32cube.ide.mcu.externaltools.gnu-tools-for-stm32.11.3.rel1.win32_1.1.100.202309141235/tools/bin/../lib/gcc/arm-none-eabi/11.3.1/thumb/v7-m/nofp/crtbegin.o

.ARM.extab      0x0000000008000b90        0x0
                0x0000000008000b90                . = ALIGN (0x4)
 *(.ARM.extab* .gnu.linkonce.armextab.*)
                0x0000000008000b90                . = ALIGN (0x4)

.ARM            0x0000000008000b90        0x0
                0x0000000008000b90                . = ALIGN (0x4)
                0x0000000008000b90                __exidx_start = .
 *(.ARM.exidx*)
                0x0000000008000b90                __exidx_end = .
                0x0000000008000b90                . = ALIGN (0x4)

.preinit_array  0x0000000008000b90        0x0
                0x0000000008000b90                . = ALIGN (0x4)
                0x0000000008000b90                PROVIDE (__preinit_array_start = .)
 *(.preinit_array*)
                0x0000000008000b90                PROVIDE (__preinit_array_end = .)
                0x0000000008000b90                . = ALIGN (0x4)

.init_array     0x0000000008000b90        0x4
                0x0000000008000b90                . = ALIGN (0x4)
                0x0000000008000b90                PROVIDE (__init_array_start = .)
 *(SORT_BY_NAME(.init_array.*))
 *(.init_array*)
 .init_array    0x0000000008000b90        0x4 C:/ST/STM32CubeIDE_1.4.0/STM32CubeIDE/plugins/com.st.stm32cube.ide.mcu.externaltools.gnu-tools-for-stm32.11.3.rel1.win32_1.1.100.202309141235/tools/bin/../lib/gcc/arm-none-eabi/11.3.1/thumb/v7-m/nofp/crtbegin.o
                0x0000000008000b94                PROVIDE (__init_array_end = .)
                0x0000000008000b94                . = ALIGN (0x4)

.fini_array     0x0000000008000b94        0x4
                0x0000000008000b94                . = ALIGN (0x4)
                [!provide]                        PROVIDE (__fini_array_start = .)
 *(SORT_BY_NAME(.fini_array.*))
 *(.fini_array*)
 .fini_array    0x0000000008000b94        0x4 C:/ST/STM32CubeIDE_1.4.0/STM32CubeIDE/plugins/com.st.stm32cube.ide.mcu.externaltools.gnu-tools-for-stm32.11.3.rel1.win32_1.1.100.202309141235/tools/bin/../lib/gcc/arm-none-eabi/11.3.1/thumb/v7-m/nofp/crtbegin.o
                [!provide]                        PROVIDE (__fini_array_end = .)
                0x0000000008000b98                . = ALIGN (0x4)
                0x0000000008000b98                _sidata = LOADADDR (.data)

.data           0x0000000020000000        0x0 load address 0x0000000008000b98
                0x0000000020000000                . = ALIGN (0x4)
                0x0000000020000000                _sdata = .
 *(.data)
 *(.data*)
 *(.RamFunc)
 *(.RamFunc*)
                0x0000000020000000                . = ALIGN (0x4)
                0x0000000020000000                _edata = .

.igot.plt       0x0000000020000000        0x0 load address 0x0000000008000b98
 .igot.plt      0x0000000020000000        0x0 C:/ST/STM32CubeIDE_1.4.0/STM32CubeIDE/plugins/com.st.stm32cube.ide.mcu.externaltools.gnu-tools-for-stm32.11.3.rel1.win32_1.1.100.202309141235/tools/bin/../lib/gcc/arm-none-eabi/11.3.1/thumb/v7-m/nofp/crtbegin.o
                0x0000000020000000                . = ALIGN (0x4)

.bss            0x0000000020000000       0x60 load address 0x0000000008000b98
                0x0000000020000000                _sbss = .
                0x0000000020000000                __bss_start__ = _sbss
 *(.bss)
 .bss           0x0000000020000000       0x1c C:/ST/STM32CubeIDE_1.4.0/STM32CubeIDE/plugins/com.st.stm32cube.ide.mcu.externaltools.gnu-tools-for-stm32.11.3.rel1.win32_1.1.100.202309141235/tools/bin/../lib/gcc/arm-none-eabi/11.3.1/thumb/v7-m/nofp/crtbegin.o
 *(.bss*)
 .bss.GP_IRQ_CallBack
                0x000000002000001c       0x3c ./MCAL/stm32f103x8_EXTI_driver.o
                0x000000002000001c                GP_IRQ_CallBack
 .bss.Global_UART_Config
                0x0000000020000058        0x4 ./MCAL/stm32f103x8_USART_driver.o
                0x0000000020000058                Global_UART_Config
 .bss.ch        0x000000002000005c        0x2 ./Src/main.o
                0x000000002000005c                ch
 *(COMMON)
                0x0000000020000060                . = ALIGN (0x4)
 *fill*         0x000000002000005e        0x2 
                0x0000000020000060                _ebss = .
                0x0000000020000060                __bss_end__ = _ebss

._user_heap_stack
                0x0000000020000060      0x600 load address 0x0000000008000b98
                0x0000000020000060                . = ALIGN (0x8)
                [!provide]                        PROVIDE (end = .)
                0x0000000020000060                PROVIDE (_end = .)
                0x0000000020000260                . = (. + _Min_Heap_Size)
 *fill*         0x0000000020000060      0x200 
                0x0000000020000660                . = (. + _Min_Stack_Size)
 *fill*         0x0000000020000260      0x400 
                0x0000000020000660                . = ALIGN (0x8)

/DISCARD/
 libc.a(*)
 libm.a(*)
 libgcc.a(*)

.ARM.attributes
                0x0000000000000000       0x29
 *(.ARM.attributes)
 .ARM.attributes
                0x0000000000000000       0x1d C:/ST/STM32CubeIDE_1.4.0/STM32CubeIDE/plugins/com.st.stm32cube.ide.mcu.externaltools.gnu-tools-for-stm32.11.3.rel1.win32_1.1.100.202309141235/tools/bin/../lib/gcc/arm-none-eabi/11.3.1/thumb/v7-m/nofp/crti.o
 .ARM.attributes
                0x000000000000001d       0x2d C:/ST/STM32CubeIDE_1.4.0/STM32CubeIDE/plugins/com.st.stm32cube.ide.mcu.externaltools.gnu-tools-for-stm32.11.3.rel1.win32_1.1.100.202309141235/tools/bin/../lib/gcc/arm-none-eabi/11.3.1/thumb/v7-m/nofp/crtbegin.o
 .ARM.attributes
                0x000000000000004a       0x2d ./MCAL/stm32f103x8_EXTI_driver.o
 .ARM.attributes
                0x0000000000000077       0x2d ./MCAL/stm32f103x8_RCC_driver.o
 .ARM.attributes
                0x00000000000000a4       0x2d ./MCAL/stm32f103x8_USART_driver.o
 .ARM.attributes
                0x00000000000000d1       0x2d ./MCAL/stm32f103x8_gpio_driver.o
 .ARM.attributes
                0x00000000000000fe       0x2d ./Src/main.o
 .ARM.attributes
                0x000000000000012b       0x21 ./Startup/startup_stm32f103c6tx.o
 .ARM.attributes
                0x000000000000014c       0x2d C:/ST/STM32CubeIDE_1.4.0/STM32CubeIDE/plugins/com.st.stm32cube.ide.mcu.externaltools.gnu-tools-for-stm32.11.3.rel1.win32_1.1.100.202309141235/tools/bin/../lib/gcc/arm-none-eabi/11.3.1/../../../../arm-none-eabi/lib/thumb/v7-m/nofp\libc_nano.a(libc_a-init.o)
 .ARM.attributes
                0x0000000000000179       0x1d C:/ST/STM32CubeIDE_1.4.0/STM32CubeIDE/plugins/com.st.stm32cube.ide.mcu.externaltools.gnu-tools-for-stm32.11.3.rel1.win32_1.1.100.202309141235/tools/bin/../lib/gcc/arm-none-eabi/11.3.1/thumb/v7-m/nofp/crtn.o
OUTPUT(STM32F103C6.elf elf32-littlearm)
LOAD linker stubs
LOAD C:/ST/STM32CubeIDE_1.4.0/STM32CubeIDE/plugins/com.st.stm32cube.ide.mcu.externaltools.gnu-tools-for-stm32.11.3.rel1.win32_1.1.100.202309141235/tools/bin/../lib/gcc/arm-none-eabi/11.3.1/../../../../arm-none-eabi/lib/thumb/v7-m/nofp\libc.a
LOAD C:/ST/STM32CubeIDE_1.4.0/STM32CubeIDE/plugins/com.st.stm32cube.ide.mcu.externaltools.gnu-tools-for-stm32.11.3.rel1.win32_1.1.100.202309141235/tools/bin/../lib/gcc/arm-none-eabi/11.3.1/../../../../arm-none-eabi/lib/thumb/v7-m/nofp\libm.a
LOAD C:/ST/STM32CubeIDE_1.4.0/STM32CubeIDE/plugins/com.st.stm32cube.ide.mcu.externaltools.gnu-tools-for-stm32.11.3.rel1.win32_1.1.100.202309141235/tools/bin/../lib/gcc/arm-none-eabi/11.3.1/thumb/v7-m/nofp\libgcc.a

.comment        0x0000000000000000       0x43
 .comment       0x0000000000000000       0x43 C:/ST/STM32CubeIDE_1.4.0/STM32CubeIDE/plugins/com.st.stm32cube.ide.mcu.externaltools.gnu-tools-for-stm32.11.3.rel1.win32_1.1.100.202309141235/tools/bin/../lib/gcc/arm-none-eabi/11.3.1/thumb/v7-m/nofp/crtbegin.o
                                         0x44 (size before relaxing)
 .comment       0x0000000000000043       0x44 ./MCAL/stm32f103x8_EXTI_driver.o
 .comment       0x0000000000000043       0x44 ./MCAL/stm32f103x8_RCC_driver.o
 .comment       0x0000000000000043       0x44 ./MCAL/stm32f103x8_USART_driver.o
 .comment       0x0000000000000043       0x44 ./MCAL/stm32f103x8_gpio_driver.o
 .comment       0x0000000000000043       0x44 ./Src/main.o

.debug_info     0x0000000000000000     0x15e6
 .debug_info    0x0000000000000000      0x530 ./MCAL/stm32f103x8_EXTI_driver.o
 .debug_info    0x0000000000000530      0x241 ./MCAL/stm32f103x8_RCC_driver.o
 .debug_info    0x0000000000000771      0x5c2 ./MCAL/stm32f103x8_USART_driver.o
 .debug_info    0x0000000000000d33      0x4bd ./MCAL/stm32f103x8_gpio_driver.o
 .debug_info    0x00000000000011f0      0x3d4 ./Src/main.o
 .debug_info    0x00000000000015c4       0x22 ./Startup/startup_stm32f103c6tx.o

.debug_abbrev   0x0000000000000000      0x6de
 .debug_abbrev  0x0000000000000000      0x180 ./MCAL/stm32f103x8_EXTI_driver.o
 .debug_abbrev  0x0000000000000180       0xda ./MCAL/stm32f103x8_RCC_driver.o
 .debug_abbrev  0x000000000000025a      0x1b8 ./MCAL/stm32f103x8_USART_driver.o
 .debug_abbrev  0x0000000000000412      0x16f ./MCAL/stm32f103x8_gpio_driver.o
 .debug_abbrev  0x0000000000000581      0x14b ./Src/main.o
 .debug_abbrev  0x00000000000006cc       0x12 ./Startup/startup_stm32f103c6tx.o

.debug_loc      0x0000000000000000      0xa34
 .debug_loc     0x0000000000000000      0x320 ./MCAL/stm32f103x8_EXTI_driver.o
 .debug_loc     0x0000000000000320       0xc8 ./MCAL/stm32f103x8_RCC_driver.o
 .debug_loc     0x00000000000003e8      0x294 ./MCAL/stm32f103x8_USART_driver.o
 .debug_loc     0x000000000000067c      0x330 ./MCAL/stm32f103x8_gpio_driver.o
 .debug_loc     0x00000000000009ac       0x88 ./Src/main.o

.debug_aranges  0x0000000000000000      0x1c8
 .debug_aranges
                0x0000000000000000       0x80 ./MCAL/stm32f103x8_EXTI_driver.o
 .debug_aranges
                0x0000000000000080       0x38 ./MCAL/stm32f103x8_RCC_driver.o
 .debug_aranges
                0x00000000000000b8       0x60 ./MCAL/stm32f103x8_USART_driver.o
 .debug_aranges
                0x0000000000000118       0x60 ./MCAL/stm32f103x8_gpio_driver.o
 .debug_aranges
                0x0000000000000178       0x28 ./Src/main.o
 .debug_aranges
                0x00000000000001a0       0x28 ./Startup/startup_stm32f103c6tx.o

.debug_ranges   0x0000000000000000      0x170
 .debug_ranges  0x0000000000000000       0x70 ./MCAL/stm32f103x8_EXTI_driver.o
 .debug_ranges  0x0000000000000070       0x28 ./MCAL/stm32f103x8_RCC_driver.o
 .debug_ranges  0x0000000000000098       0x50 ./MCAL/stm32f103x8_USART_driver.o
 .debug_ranges  0x00000000000000e8       0x50 ./MCAL/stm32f103x8_gpio_driver.o
 .debug_ranges  0x0000000000000138       0x18 ./Src/main.o
 .debug_ranges  0x0000000000000150       0x20 ./Startup/startup_stm32f103c6tx.o

.debug_macro    0x0000000000000000     0x1162
 .debug_macro   0x0000000000000000      0x15f ./MCAL/stm32f103x8_EXTI_driver.o
 .debug_macro   0x000000000000015f       0xd6 ./MCAL/stm32f103x8_EXTI_driver.o
 .debug_macro   0x0000000000000235      0x228 ./MCAL/stm32f103x8_EXTI_driver.o
 .debug_macro   0x000000000000045d      0x14c ./MCAL/stm32f103x8_RCC_driver.o
 .debug_macro   0x00000000000005a9       0x10 ./MCAL/stm32f103x8_RCC_driver.o
 .debug_macro   0x00000000000005b9      0x15e ./MCAL/stm32f103x8_USART_driver.o
 .debug_macro   0x0000000000000717       0x16 ./MCAL/stm32f103x8_USART_driver.o
 .debug_macro   0x000000000000072d       0xe8 ./MCAL/stm32f103x8_USART_driver.o
 .debug_macro   0x0000000000000815      0x14c ./MCAL/stm32f103x8_gpio_driver.o
 .debug_macro   0x0000000000000961      0x1c1 ./Src/main.o
 .debug_macro   0x0000000000000b22       0x8e ./Src/main.o
 .debug_macro   0x0000000000000bb0       0x51 ./Src/main.o
 .debug_macro   0x0000000000000c01       0x61 ./Src/main.o
 .debug_macro   0x0000000000000c62       0x1c ./Src/main.o
 .debug_macro   0x0000000000000c7e       0x35 ./Src/main.o
 .debug_macro   0x0000000000000cb3       0x10 ./Src/main.o
 .debug_macro   0x0000000000000cc3       0x1c ./Src/main.o
 .debug_macro   0x0000000000000cdf       0x16 ./Src/main.o
 .debug_macro   0x0000000000000cf5      0x147 ./Src/main.o
 .debug_macro   0x0000000000000e3c      0x246 ./Src/main.o
 .debug_macro   0x0000000000001082       0xa0 ./Src/main.o
 .debug_macro   0x0000000000001122       0x40 ./Src/main.o

.debug_line     0x0000000000000000     0x28ea
 .debug_line    0x0000000000000000      0xa22 ./MCAL/stm32f103x8_EXTI_driver.o
 .debug_line    0x0000000000000a22      0x67c ./MCAL/stm32f103x8_RCC_driver.o
 .debug_line    0x000000000000109e      0x860 ./MCAL/stm32f103x8_USART_driver.o
 .debug_line    0x00000000000018fe      0x869 ./MCAL/stm32f103x8_gpio_driver.o
 .debug_line    0x0000000000002167      0x6ff ./Src/main.o
 .debug_line    0x0000000000002866       0x84 ./Startup/startup_stm32f103c6tx.o

.debug_str      0x0000000000000000     0xaa00
 .debug_str     0x0000000000000000     0x9648 ./MCAL/stm32f103x8_EXTI_driver.o
                                       0x985e (size before relaxing)
 .debug_str     0x0000000000009648      0x138 ./MCAL/stm32f103x8_RCC_driver.o
                                       0x7f8f (size before relaxing)
 .debug_str     0x0000000000009780      0x7c1 ./MCAL/stm32f103x8_USART_driver.o
                                       0x8b56 (size before relaxing)
 .debug_str     0x0000000000009f41       0xfc ./MCAL/stm32f103x8_gpio_driver.o
                                       0x83f8 (size before relaxing)
 .debug_str     0x000000000000a03d      0x994 ./Src/main.o
                                       0xa6d8 (size before relaxing)
 .debug_str     0x000000000000a9d1       0x2f ./Startup/startup_stm32f103c6tx.o
                                         0x7d (size before relaxing)

.debug_frame    0x0000000000000000      0x578
 .debug_frame   0x0000000000000000      0x1b0 ./MCAL/stm32f103x8_EXTI_driver.o
 .debug_frame   0x00000000000001b0       0x84 ./MCAL/stm32f103x8_RCC_driver.o
 .debug_frame   0x0000000000000234      0x14c ./MCAL/stm32f103x8_USART_driver.o
 .debug_frame   0x0000000000000380      0x178 ./MCAL/stm32f103x8_gpio_driver.o
 .debug_frame   0x00000000000004f8       0x54 ./Src/main.o
 .debug_frame   0x000000000000054c       0x2c C:/ST/STM32CubeIDE_1.4.0/STM32CubeIDE/plugins/com.st.stm32cube.ide.mcu.externaltools.gnu-tools-for-stm32.11.3.rel1.win32_1.1.100.202309141235/tools/bin/../lib/gcc/arm-none-eabi/11.3.1/../../../../arm-none-eabi/lib/thumb/v7-m/nofp\libc_nano.a(libc_a-init.o)
