17:15:07 **** Incremental Build of configuration Debug for project unit6_lesson4_lab1 ****
make -j4 all 
arm-none-eabi-gcc -gdwarf-2 "../Src/main.c" -mcpu=cortex-m3 -std=gnu11 -g3 -DDEBUG -DSTM32 -DSTM32F1 -DSTM32F103C6Tx -c -I../Inc -O0 -ffunction-sections -fdata-sections -Wall -fstack-usage -MMD -MP -MF"Src/main.d" -MT"Src/main.o" --specs=nano.specs -mfloat-abi=soft -mthumb -o "Src/main.o"
arm-none-eabi-gcc -gdwarf-2 -o "unit6_lesson4_lab1.elf" @"objects.list"   -mcpu=cortex-m3 -T"B:\Embedded_Systems_Online_Diploma\Unit_6_MCU_Fundamentals\Lesson4\unit6_lesson4_lab1\unit6_lesson4_lab1\STM32F103C6TX_FLASH.ld" --specs=nosys.specs -Wl,-Map="unit6_lesson4_lab1.map" -Wl,--gc-sections -static --specs=nano.specs -mfloat-abi=soft -mthumb -Wl,--start-group -lc -lm -Wl,--end-group
Finished building target: unit6_lesson4_lab1.elf
 
arm-none-eabi-size   unit6_lesson4_lab1.elf 
arm-none-eabi-objdump -h -S  unit6_lesson4_lab1.elf  > "unit6_lesson4_lab1.list"
   text	   data	    bss	    dec	    hex	filename
    888	      8	   1568	   2464	    9a0	unit6_lesson4_lab1.elf
Finished building: default.size.stdout
 
Finished building: unit6_lesson4_lab1.list
 

17:15:07 Build Finished. 0 errors, 0 warnings. (took 591ms)

